###############################################################################
#
# IAR ELF Linker V8.40.1.212/W32 for ARM                  23/Apr/2020  12:12:15
# Copyright 2007-2019 IAR Systems AB.
#
#    Output file  =
#        D:\work\2020\14_IIC\BlueNRG-1_2 DK
#        3.2.0\Project\BLE_Examples\BLE_MS_Formula\EWARM\BlueNRG-1\Slave\Exe\BLE_MS_Formula_Master_Slave.out
#    Map file     =
#        D:\work\2020\14_IIC\BlueNRG-1_2 DK
#        3.2.0\Project\BLE_Examples\BLE_MS_Formula\EWARM\BlueNRG-1\Slave\List\BLE_MS_Formula_Master_Slave.map
#    Command line =
#        -f C:\Users\Lucien\AppData\Local\Temp\EWB286.tmp
#        ("D:\work\2020\14_IIC\BlueNRG-1_2 DK
#        3.2.0\Project\BLE_Examples\BLE_MS_Formula\EWARM\BlueNRG-1\Slave\Obj\app_common.o"
#        "D:\work\2020\14_IIC\BlueNRG-1_2 DK
#        3.2.0\Project\BLE_Examples\BLE_MS_Formula\EWARM\BlueNRG-1\Slave\Obj\BLE_MS_Formula_main.o"
#        "D:\work\2020\14_IIC\BlueNRG-1_2 DK
#        3.2.0\Project\BLE_Examples\BLE_MS_Formula\EWARM\BlueNRG-1\Slave\Obj\ble_utils.o"
#        "D:\work\2020\14_IIC\BlueNRG-1_2 DK
#        3.2.0\Project\BLE_Examples\BLE_MS_Formula\EWARM\BlueNRG-1\Slave\Obj\BlueNRG1_adc.o"
#        "D:\work\2020\14_IIC\BlueNRG-1_2 DK
#        3.2.0\Project\BLE_Examples\BLE_MS_Formula\EWARM\BlueNRG-1\Slave\Obj\BlueNRG1_dma.o"
#        "D:\work\2020\14_IIC\BlueNRG-1_2 DK
#        3.2.0\Project\BLE_Examples\BLE_MS_Formula\EWARM\BlueNRG-1\Slave\Obj\BlueNRG1_flash.o"
#        "D:\work\2020\14_IIC\BlueNRG-1_2 DK
#        3.2.0\Project\BLE_Examples\BLE_MS_Formula\EWARM\BlueNRG-1\Slave\Obj\BlueNRG1_gpio.o"
#        "D:\work\2020\14_IIC\BlueNRG-1_2 DK
#        3.2.0\Project\BLE_Examples\BLE_MS_Formula\EWARM\BlueNRG-1\Slave\Obj\BlueNRG1_i2c.o"
#        "D:\work\2020\14_IIC\BlueNRG-1_2 DK
#        3.2.0\Project\BLE_Examples\BLE_MS_Formula\EWARM\BlueNRG-1\Slave\Obj\BlueNRG1_it.o"
#        "D:\work\2020\14_IIC\BlueNRG-1_2 DK
#        3.2.0\Project\BLE_Examples\BLE_MS_Formula\EWARM\BlueNRG-1\Slave\Obj\BlueNRG1_mft.o"
#        "D:\work\2020\14_IIC\BlueNRG-1_2 DK
#        3.2.0\Project\BLE_Examples\BLE_MS_Formula\EWARM\BlueNRG-1\Slave\Obj\BlueNRG1_pka.o"
#        "D:\work\2020\14_IIC\BlueNRG-1_2 DK
#        3.2.0\Project\BLE_Examples\BLE_MS_Formula\EWARM\BlueNRG-1\Slave\Obj\BlueNRG1_rng.o"
#        "D:\work\2020\14_IIC\BlueNRG-1_2 DK
#        3.2.0\Project\BLE_Examples\BLE_MS_Formula\EWARM\BlueNRG-1\Slave\Obj\BlueNRG1_rtc.o"
#        "D:\work\2020\14_IIC\BlueNRG-1_2 DK
#        3.2.0\Project\BLE_Examples\BLE_MS_Formula\EWARM\BlueNRG-1\Slave\Obj\BlueNRG1_spi.o"
#        "D:\work\2020\14_IIC\BlueNRG-1_2 DK
#        3.2.0\Project\BLE_Examples\BLE_MS_Formula\EWARM\BlueNRG-1\Slave\Obj\BlueNRG1_sysCtrl.o"
#        "D:\work\2020\14_IIC\BlueNRG-1_2 DK
#        3.2.0\Project\BLE_Examples\BLE_MS_Formula\EWARM\BlueNRG-1\Slave\Obj\BlueNRG1_uart.o"
#        "D:\work\2020\14_IIC\BlueNRG-1_2 DK
#        3.2.0\Project\BLE_Examples\BLE_MS_Formula\EWARM\BlueNRG-1\Slave\Obj\BlueNRG1_wdg.o"
#        "D:\work\2020\14_IIC\BlueNRG-1_2 DK
#        3.2.0\Project\BLE_Examples\BLE_MS_Formula\EWARM\BlueNRG-1\Slave\Obj\cassert.o"
#        "D:\work\2020\14_IIC\BlueNRG-1_2 DK
#        3.2.0\Project\BLE_Examples\BLE_MS_Formula\EWARM\BlueNRG-1\Slave\Obj\clock.o"
#        "D:\work\2020\14_IIC\BlueNRG-1_2 DK
#        3.2.0\Project\BLE_Examples\BLE_MS_Formula\EWARM\BlueNRG-1\Slave\Obj\context_switch.o"
#        "D:\work\2020\14_IIC\BlueNRG-1_2 DK
#        3.2.0\Project\BLE_Examples\BLE_MS_Formula\EWARM\BlueNRG-1\Slave\Obj\gp_timer.o"
#        "D:\work\2020\14_IIC\BlueNRG-1_2 DK
#        3.2.0\Library\Bluetooth_LE\library\libbluenrg1_stack.a"
#        "D:\work\2020\14_IIC\BlueNRG-1_2 DK
#        3.2.0\Library\cryptolib\libcrypto.a" "D:\work\2020\14_IIC\BlueNRG-1_2
#        DK
#        3.2.0\Project\BLE_Examples\BLE_MS_Formula\EWARM\BlueNRG-1\Slave\Obj\LPS25HB.o"
#        "D:\work\2020\14_IIC\BlueNRG-1_2 DK
#        3.2.0\Project\BLE_Examples\BLE_MS_Formula\EWARM\BlueNRG-1\Slave\Obj\misc.o"
#        "D:\work\2020\14_IIC\BlueNRG-1_2 DK
#        3.2.0\Project\BLE_Examples\BLE_MS_Formula\EWARM\BlueNRG-1\Slave\Obj\miscutil.o"
#        "D:\work\2020\14_IIC\BlueNRG-1_2 DK
#        3.2.0\Project\BLE_Examples\BLE_MS_Formula\EWARM\BlueNRG-1\Slave\Obj\osal.o"
#        "D:\work\2020\14_IIC\BlueNRG-1_2 DK
#        3.2.0\Project\BLE_Examples\BLE_MS_Formula\EWARM\BlueNRG-1\Slave\Obj\SDK_EVAL_Com.o"
#        "D:\work\2020\14_IIC\BlueNRG-1_2 DK
#        3.2.0\Project\BLE_Examples\BLE_MS_Formula\EWARM\BlueNRG-1\Slave\Obj\SDK_EVAL_Config.o"
#        "D:\work\2020\14_IIC\BlueNRG-1_2 DK
#        3.2.0\Project\BLE_Examples\BLE_MS_Formula\EWARM\BlueNRG-1\Slave\Obj\SDK_EVAL_I2C.o"
#        "D:\work\2020\14_IIC\BlueNRG-1_2 DK
#        3.2.0\Project\BLE_Examples\BLE_MS_Formula\EWARM\BlueNRG-1\Slave\Obj\SDK_EVAL_Led.o"
#        "D:\work\2020\14_IIC\BlueNRG-1_2 DK
#        3.2.0\Project\BLE_Examples\BLE_MS_Formula\EWARM\BlueNRG-1\Slave\Obj\slave.o"
#        "D:\work\2020\14_IIC\BlueNRG-1_2 DK
#        3.2.0\Project\BLE_Examples\BLE_MS_Formula\EWARM\BlueNRG-1\Slave\Obj\sleep.o"
#        "D:\work\2020\14_IIC\BlueNRG-1_2 DK
#        3.2.0\Project\BLE_Examples\BLE_MS_Formula\EWARM\BlueNRG-1\Slave\Obj\stack_user_cfg.o"
#        "D:\work\2020\14_IIC\BlueNRG-1_2 DK
#        3.2.0\Project\BLE_Examples\BLE_MS_Formula\EWARM\BlueNRG-1\Slave\Obj\system_bluenrg1.o"
#        --no_out_extension -o "D:\work\2020\14_IIC\BlueNRG-1_2 DK
#        3.2.0\Project\BLE_Examples\BLE_MS_Formula\EWARM\BlueNRG-1\Slave\Exe\BLE_MS_Formula_Master_Slave.out"
#        --map "D:\work\2020\14_IIC\BlueNRG-1_2 DK
#        3.2.0\Project\BLE_Examples\BLE_MS_Formula\EWARM\BlueNRG-1\Slave\List\BLE_MS_Formula_Master_Slave.map"
#        --config "D:\work\2020\14_IIC\BlueNRG-1_2 DK
#        3.2.0\Project\BLE_Examples\BLE_MS_Formula\EWARM\BlueNRG-1\BlueNRG1.icf"
#        --semihosting --entry __iar_program_start --vfe --text_out locale)
#
###############################################################################

*******************************************************************************
*** RUNTIME MODEL ATTRIBUTES
***

CppFlavor       = *
__SystemLibrary = DLib
__dlib_version  = 6


*******************************************************************************
*** HEAP SELECTION
***

The basic heap was selected because no calls to memory allocation
functions were found in the application outside of system library
functions, and there are calls to deallocation functions in the
application.


*******************************************************************************
*** PLACEMENT SUMMARY
***

define block BLOCK_STACKLIB_FLASH_DATA
   with fixed order, alignment = 2K {
      section .noinit.stacklib_flash_data,
      section .noinit.stacklib_stored_device_id_data };
"A0":  place at start of [from 0x1006'7000 to 0x1006'7fff] {
          block BLOCK_STACKLIB_FLASH_DATA };
define block BLUE with size = 524, alignment = 8 { section .bss.__blue_RAM };
"A1":  place at address 0x2000'00c0 { block BLUE };
"A3":  place at start of [from 0x1004'0000 to 0x1006'6fff] {
          ro section .intvec };
define block ota_sw_activation_block
   with size = 4, alignment = 4 { section .ota_sw_activation };
"A4":  place at address 0x2000'0004 { block ota_sw_activation_block };
define block savedMSP_block with size = 4, alignment = 4 { section .savedMSP };
"A5":  place at address 0x2000'0008 { block savedMSP_block };
define block wakeupFromSleepFlag_block
   with size = 4, alignment = 4 { section .wakeupFromSleepFlag };
"A6":  place at address 0x2000'000c { block wakeupFromSleepFlag_block };
define block app_base_block with size = 4, alignment = 4 { section .app_base };
"A7":  place at address 0x2000'0010 { block app_base_block };
define block flash_sw_lock_block
   with size = 4, alignment = 4 { section .flash_sw_lock };
"A8":  place at address 0x2000'0014 { block flash_sw_lock_block };
define block rfTimeout_block
   with size = 4, alignment = 4 { section .rfTimeout };
"A9":  place at address 0x2000'0018 { block rfTimeout_block };
define block BOR_config_block
   with size = 8, alignment = 4 { section .BOR_config };
"A10": place at address 0x2000'001c { block BOR_config_block };
define block Blue_Flag_Ram_block
   with size = 4, alignment = 4 { section .__blueflag_RAM };
"A11": place at address 0x2000'0030 { block Blue_Flag_Ram_block };
define block Crash_Info_block
   with size = 40, alignment = 4 { section .__crash_RAM };
"A12": place at address 0x2000'0034 { block Crash_Info_block };
"P2":  place in [from 0x1004'0000 to 0x1006'6fff] { ro };
"P3":  place in [from 0x2000'0000 to 0x2000'5fff] { rw };
define block CSTACK with size = 3K, alignment = 8 { };
"A13": place at end of [from 0x2000'0000 to 0x2000'5fff] { block CSTACK };
initialize by copy { rw };
keep { section .bss.__blue_RAM };
keep { section .intvec };
keep { section .ota_sw_activation };
keep { section .savedMSP };
keep { section .wakeupFromSleepFlag };
keep { section .app_base };
keep { section .flash_sw_lock };
keep { section .rfTimeout };
keep { section .BOR_config };
keep { section .__blueflag_RAM };
keep { section .__crash_RAM };

No sections matched the following patterns:

  ro section .bootloader  in "A2"
  section .rom_info       in block ROM_INFO


  Section                 Kind         Address      Size  Object
  -------                 ----         -------      ----  ------
"A3":                                               0xc0
  .intvec                 const    0x1004'0000      0xc0  system_bluenrg1.o [1]
                                 - 0x1004'00c0      0xc0

"P2":                                           0x1'6c24
  .text                   ro code  0x1004'00c0    0x1054  xprintffull_nomb.o [2]
  .text                   ro code  0x1004'1114      0x12  strchr.o [6]
  .constdata              const    0x1004'1126      0x1a  ll_isr.o [3]
  .text                   ro code  0x1004'1140      0x48  xfail_s.o [2]
  .text                   ro code  0x1004'1188       0xe  strlen.o [6]
  .text                   ro code  0x1004'1196       0xa  xsprout.o [2]
  .text                   ro code  0x1004'11a0      0x16  memchr.o [6]
  .text                   ro code  0x1004'11b6       0x2  system_bluenrg1.o [1]
  .text                   ro code  0x1004'11b8      0x4e  ABImemcpy.o [6]
  .text                   ro code  0x1004'1206      0x32  DblCmpLe.o [5]
  .text                   ro code  0x1004'1238      0x32  DblCmpGe.o [5]
  .text                   ro code  0x1004'126a       0x2  system_bluenrg1.o [1]
  .text                   ro code  0x1004'126c      0x52  DblToI32.o [5]
  .text                   ro code  0x1004'12be       0x2  system_bluenrg1.o [1]
  .text                   ro code  0x1004'12c0      0x34  IxxToDbl.o [5]
  .text                   ro code  0x1004'12f4     0x1a8  DblAddSub.o [5]
  .text                   ro code  0x1004'149c      0xe0  I32DivModFast.o [6]
  .text                   ro code  0x1004'157c      0xc2  DblDiv.o [5]
  .text                   ro code  0x1004'163e     0x184  DblMul.o [5]
  .text                   ro code  0x1004'17c2      0x6a  I64DivMod.o [6]
  .text                   ro code  0x1004'182c       0xa  abort.o [2]
  .text                   ro code  0x1004'1836       0x2  system_bluenrg1.o [1]
  .text                   ro code  0x1004'1838       0x2  IntDivZer.o [6]
  .text                   ro code  0x1004'183a       0x2  system_bluenrg1.o [1]
  .text                   ro code  0x1004'183c       0x2  I64DivZer.o [6]
  .text                   ro code  0x1004'183e       0x2  system_bluenrg1.o [1]
  .text                   ro code  0x1004'1840      0x14  exit.o [7]
  i.isr_connect_slave_state
                          ro code  0x1004'1854     0x7e4  ll_isr.o [3]
  i.machine_time_trans    ro code  0x1004'2038      0x20  rom_ll_timehandling.o [3]
  i.data_length_extension_csr_ucfg
                          ro code  0x1004'2058       0x4  hci.o [3]
  i.Data_Length_Update_Control_ISR_ucfg
                          ro code  0x1004'205c       0x4  ll_isr.o [3]
  i.unpack_update_request
                          ro code  0x1004'2060      0x48  rom_ll_isr_routines.o [3]
  i.unpack_channel_map    ro code  0x1004'20a8      0x2e  rom_ll_isr_routines.o [3]
  i.char_copy             ro code  0x1004'20d6      0x12  hal.o [3]
  i.LL_receive_data       ro code  0x1004'20e8      0x94  isr_routines.o [3]
  i.isr_Acl_Data_TX_Cmpl_Queue_Full
                          ro code  0x1004'217c      0x20  acl.o [3]
  i.copy_tx_data_packet   ro code  0x1004'219c      0x84  ll_isr.o [3]
  i.isr_postproc1         ro code  0x1004'2220     0x110  rom_ll_isr_postproc.o [3]
  i.set_string            ro code  0x1004'2330      0x10  hal.o [3]
  i.LL_update_proc        ro code  0x1004'2340      0x98  rom_ll_isr_routines.o [3]
  i.modulo_37             ro code  0x1004'23d8      0x1c  rom_ll_routines_support.o [3]
  i.cancel_current_master
                          ro code  0x1004'23f4     0x1a8  multi_master_time.o [3]
  i.slave_advance         ro code  0x1004'259c     0x200  routines_support.o [3]
  i.advance_wakeup_timer  ro code  0x1004'279c     0x68c  advance_wakeup_time.o [3]
  i.le2ByteToInt16        ro code  0x1004'2e28       0xa  rom_ll_isr_routines.o [3]
  i.le4ByteToInt32        ro code  0x1004'2e32      0x16  rom_ll_isr_routines.o [3]
  i.isr_Acl_Data_Indication_Queue_Full
                          ro code  0x1004'2e48      0x20  acl.o [3]
  i.PM_Get_Pckt           ro code  0x1004'2e68      0x44  pm.o [3]
  i.Mem_Buff_Block_Copy   ro code  0x1004'2eac      0x48  mem_buff.o [3]
  i.wait_for_aes_ready    ro code  0x1004'2ef4      0x24  rom_ll_isr_postproc.o [3]
  i.copy_4_u32            ro code  0x1004'2f18      0x12  ll_isr.o [3]
  i.isr_postproc_encrypt_data
                          ro code  0x1004'2f2a      0x16  rom_ll_isr_postproc.o [3]
  i.is_slave              ro code  0x1004'2f40      0x34  multi_master_time.o [3]
  i.swap_u16              ro code  0x1004'2f74       0xa  multi_master_time.o [3]
  .text                   ro code  0x1004'2f7e       0x2  system_bluenrg1.o [1]
  i.LL_Sleep_Req          ro code  0x1004'2f80      0x58  bluenrg_main_func_speed.o [3]
  i.advance_slave_timing_MultiSlave
                          ro code  0x1004'2fd8     0x2cc  multi_master_time.o [3]
  i.system_time_trans     ro code  0x1004'32a4      0x10  rom_ll_timehandling.o [3]
  i.microseconds_to_machine_time
                          ro code  0x1004'32b4       0x8  routines_support.o [3]
  i.cancel_master         ro code  0x1004'32bc      0x7c  rom_ll_isr_routines.o [3]
  i.Hal_Get_Random_Number
                          ro code  0x1004'3338      0x3a  hal.o [3]
  .text                   ro code  0x1004'3372       0x2  system_bluenrg1.o [1]
  i.LL_Update_Advertising_Buffers
                          ro code  0x1004'3374      0x48  rom_ll_ll_routines.o [3]
  i.LL_Update_Scanning_Initiating_Buffers
                          ro code  0x1004'33bc      0x48  rom_ll_ll_routines.o [3]
  i.PM_Check_And_Set      ro code  0x1004'3404      0x50  pm.o [3]
  i.Mem_Buff_Get          ro code  0x1004'3454      0x2e  mem_buff.o [3]
  .text                   ro code  0x1004'3482       0x2  system_bluenrg1.o [1]
  .text                   ro code  0x1004'3484      0x20  ABImemmove.o [6]
  i.encrypt               ro code  0x1004'34a4      0x74  ll_isr.o [3]
  i.set_sca               ro code  0x1004'3518      0x1c  rom_ll_timehandling.o [3]
  i.WindowWiden1          ro code  0x1004'3534       0xa  rom_ll_timehandling.o [3]
  i.time_offset1          ro code  0x1004'353e       0xe  rom_ll_timehandling.o [3]
  i.swap_slaves           ro code  0x1004'354c     0x13c  routines_support.o [3]
  i.WindowWiden2          ro code  0x1004'3688      0x10  rom_ll_timehandling.o [3]
  i.time_offset2          ro code  0x1004'3698      0x10  rom_ll_timehandling.o [3]
  i.cancel_slave          ro code  0x1004'36a8      0xc4  isr_routines.o [3]
  i.system_time_trans_ext
                          ro code  0x1004'376c      0x30  rom_ll_timehandling.o [3]
  .text                   ro code  0x1004'379c     0x158  stack_user_cfg.o [1]
  i.isr_event_handler     ro code  0x1004'38f4     0x5fc  ll_routines_master.o [3]
  .text                   ro code  0x1004'3ef0      0x28  osal.o [1]
  i.swap_u8               ro code  0x1004'3f18       0xa  routines_support.o [3]
  i.swap_u32              ro code  0x1004'3f22       0xa  routines_support.o [3]
  i.swap_u16              ro code  0x1004'3f2c       0xa  routines_support.o [3]
  i.PRIV_vGeneratePrivateAddress
                          ro code  0x1004'3f36      0x62  ll_privacy.o [3]
  i.PRIV_u32ProcessAdvPacket
                          ro code  0x1004'3f98     0x5ac  ll_privacy.o [3]
  i.PRIV_u8OfflineProcessing
                          ro code  0x1004'4544     0x118  ll_privacy.o [3]
  i.PRIV_vGenerate_hci_le_enhanced_connection_complete_event
                          ro code  0x1004'465c     0x1e0  ll_privacy.o [3]
  i.PRIV_vGenerate_hci_le_direct_advertising_report_event
                          ro code  0x1004'483c     0x17c  ll_privacy.o [3]
  i.GAP_enable_controller_privacy
                          ro code  0x1004'49b8      0x44  gap.o [3]
  i.LL_Encrypt_Plain_Data
                          ro code  0x1004'49fc      0x88  ll_routines_support.o [3]
  i.GAP_DiscProcTimeoutcb
                          ro code  0x1004'4a84      0x48  gap.o [3]
  i.cancel_connect_master
                          ro code  0x1004'4acc      0xf0  rom_ll_isr_routines.o [3]
  i.isr_event_handler_scan_data
                          ro code  0x1004'4bbc     0x1fc  ll_routines_master.o [3]
  i.Reclassify_All_Channels
                          ro code  0x1004'4db8      0xc0  ll_routines_master.o [3]
  i.GAP_check_and_set_role
                          ro code  0x1004'4e78       0xe  gap.o [3]
  .text                   ro code  0x1004'4e86       0x2  system_bluenrg1.o [1]
  i.GAP_discover_peer_name
                          ro code  0x1004'4e88      0x44  gap.o [3]
  i.full_state_func_call_init
                          ro code  0x1004'4ecc      0x18  ll_isr.o [3]
  i.smp_MI_Start_Encryption
                          ro code  0x1004'4ee4      0x88  securitymgr.o [3]
  i.smp_Execute_Actions_wrt_Current_State_MI_excerpt
                          ro code  0x1004'4f6c      0x4e  securitymgr.o [3]
  i.smp_Process_Rx_Packet_wrt_Current_State_MI_excerpt
                          ro code  0x1004'4fba      0x52  securitymgr.o [3]
  i.smp_Execute_Actions_wrt_Current_State_sc_MI_excerpt_phase2as2
                          ro code  0x1004'500c      0x12  securitymgr.o [3]
  .text                   ro code  0x1004'501e       0x2  system_bluenrg1.o [1]
  i.PKA_Offline_Processing
                          ro code  0x1004'5020     0x164  hci.o [3]
  i.smp_sc_init           ro code  0x1004'5184      0x38  smp_scv42_caf.o [3]
  i.smp_sc_continue_on_exclusive_sc_pairing
                          ro code  0x1004'51bc      0x38  smp_scv42_caf.o [3]
  i.smp_sc_check_for_ecc_pk_generation_request
                          ro code  0x1004'51f4      0x30  smp_scv42_caf.o [3]
  i.smp_sc_update_statistics_on_pairing_complete
                          ro code  0x1004'5224      0x74  smp_scv42_caf.o [3]
  i.smp_sc_hci_le_read_local_p256_public_key_complete_evt_hndl
                          ro code  0x1004'5298      0x3c  smp_scv42_sap.o [3]
  i.smp_sc_hci_le_generate_dhkey_complete_evt_hndl
                          ro code  0x1004'52d4      0x74  smp_scv42_sap.o [3]
  i.smp_sc_MI_PairingResponse_Receive_sc_excerpt
                          ro code  0x1004'5348      0x34  securitymgr.o [3]
  i.smp_sc_MI_Pairing_Phase_2AS1_Start_sc_excerpt
                          ro code  0x1004'537c      0x2c  securitymgr.o [3]
  i.smp_sc_SR_Pairing_Phase_2AS1_Start_sc_excerpt
                          ro code  0x1004'53a8      0x30  securitymgr.o [3]
  i.smp_sc_MI_PairingConfirm_Send_sc_excerpt
                          ro code  0x1004'53d8      0x30  securitymgr.o [3]
  i.smp_sc_MI_PairingRandom_Receive_sc_excerpt1
                          ro code  0x1004'5408      0x44  securitymgr.o [3]
  i.smp_sc_MI_PairingRandom_Receive_sc_excerpt2
                          ro code  0x1004'544c      0x68  securitymgr.o [3]
  i.smp_sc_SR_PairingConfirm_Receive_sc_excerpt
                          ro code  0x1004'54b4      0x34  securitymgr.o [3]
  i.smp_sc_SR_PairingRandom_Receive_sc_excerpt
                          ro code  0x1004'54e8      0x9c  securitymgr.o [3]
  i.smp_Execute_Actions_wrt_Current_State_sc_excerpt_phase_1_to_2
                          ro code  0x1004'5584      0x6c  securitymgr.o [3]
  i.smp_Execute_Actions_wrt_Current_State_sc_excerpt_phase2as2
                          ro code  0x1004'55f0      0x58  securitymgr.o [3]
  i.smp_Process_Rx_Packet_wrt_Current_State_sc_excerpt
                          ro code  0x1004'5648      0x4a  securitymgr.o [3]
  .text                   ro code  0x1004'5692       0x2  system_bluenrg1.o [1]
  i.smp_Process_Rx_Packet_Exception_Cases_sc_excerpt
                          ro code  0x1004'5694      0x88  securitymgr.o [3]
  i.hci_le_connection_complete_event_push
                          ro code  0x1004'571c      0x88  ll_routines_master.o [3]
  i.hci_encryption_key_refresh_complete_event_push
                          ro code  0x1004'57a4      0x58  ll_routines_master.o [3]
  i.hci_encryption_change_event_push
                          ro code  0x1004'57fc      0x5c  ll_routines_master.o [3]
  i.Acl_Tx_Cmpl_Pkt_Handler
                          ro code  0x1004'5858      0x44  acl.o [3]
  i.aci_event_fifo_push_header
                          ro code  0x1004'589c      0xbc  aci_events.o [3]
  i.aci_event_fifo_push   ro code  0x1004'5958      0x28  aci_events.o [3]
  i.hci_le_connection_update_complete_event_push
                          ro code  0x1004'5980      0x6c  ll_routines_master.o [3]
  i.Mem_Buff_Block_Write  ro code  0x1004'59ec      0x56  mem_buff.o [3]
  .text                   ro code  0x1004'5a42       0x2  system_bluenrg1.o [1]
  i.Acl_Rcv_Pkt_Handler   ro code  0x1004'5a44      0x3c  acl.o [3]
  i.get_scan_addr         ro code  0x1004'5a80      0x14  rom_ll_isr_routines.o [3]
  .text                   ro code  0x1004'5a94      0x52  ABImemset.o [6]
  i.cb_hci_data_buffer_overflow_event
                          ro code  0x1004'5ae6       0x2  aci_events.o [3]
  .text                   ro code  0x1004'5ae8      0x1e  memcmp.o [6]
  i.Hal_Get_Random_Number32
                          ro code  0x1004'5b06      0x12  hal.o [3]
  .text                   ro code  0x1004'5b18      0x16  uread4.o [6]
  i.PRIV_SearchAddrInScratchList
                          ro code  0x1004'5b30      0x50  ll_privacy.o [3]
  i.PRIV_u8ResolvePrivateAddress
                          ro code  0x1004'5b80     0x110  ll_privacy.o [3]
  i.PRIV_SearchAddrInRPAList
                          ro code  0x1004'5c90      0x50  ll_privacy.o [3]
  i.PRIV_SearchAddrInWhiteList
                          ro code  0x1004'5ce0      0x58  ll_privacy.o [3]
  i.HAL_VTimerGetCurrentTime_sysT32
                          ro code  0x1004'5d38      0x12  host_timer.o [3]
  i.PRIV_u8ResolvePrivateAddressUnit
                          ro code  0x1004'5d4c      0x34  ll_privacy.o [3]
  i.hci_le_direct_advertising_report_event_push
                          ro code  0x1004'5d80      0x8c  ll_privacy.o [3]
  i.LL_LE_Set_Resolvable_Private_Address_Timeout
                          ro code  0x1004'5e0c      0x24  ll_privacy.o [3]
  i.hci_le_set_event_mask
                          ro code  0x1004'5e30      0x40  hci.o [3]
  i.LL_SetAddressResolutionEnable
                          ro code  0x1004'5e70       0x8  routines_support.o [3]
  i.AES128ECB_Wrapper     ro code  0x1004'5e78      0x7e  aes128cmac.o [3]
  i.LL_Enable_Disable_Scan
                          ro code  0x1004'5ef8     0x23c  ll_routines_master.o [3]
  i.aci_gap_proc_complete_event_push
                          ro code  0x1004'6134      0x74  gap.o [3]
  i.anchor_replace        ro code  0x1004'61a8      0x4c  multi_master_time.o [3]
  i.get_adv_addr          ro code  0x1004'61f4      0x14  rom_ll_isr_routines.o [3]
  i.hci_le_advertising_report_event_push
                          ro code  0x1004'6208      0x94  ll_routines_master.o [3]
  i.Gatt_Read_Charac_By_Uuid
                          ro code  0x1004'629c      0x80  gatt_client.o [3]
  i.LL_Start_Encryption   ro code  0x1004'631c      0xdc  rom_ll_ll_routines_master.o [3]
  i.HAL_Generate_Random_Bytes_To
                          ro code  0x1004'63f8      0x20  hal.o [3]
  i.smp____MI_PairingConfirm_Send
                          ro code  0x1004'6418      0x66  securitymgr.o [3]
  i.smp_keys_distribution_start
                          ro code  0x1004'647e      0x38  smp_common.o [3]
  i.smp____MI_PairingRandom_Receive
                          ro code  0x1004'64b8      0xe4  securitymgr.o [3]
  i.smp____MI_SecurityRequest_Receive
                          ro code  0x1004'659c      0x84  securitymgr.o [3]
  i.smp____MI_PairingResponse_Receive
                          ro code  0x1004'6620      0x6c  securitymgr.o [3]
  i.smp____MI_PairingConfirm_Receive
                          ro code  0x1004'668c      0x58  securitymgr.o [3]
  .text                   ro code  0x1004'66e4     0x174  BlueNRG1_pka.o [1]
  i.BLEPLAT_PKA_Get_Current_Operation
                          ro code  0x1004'6858      0x14  pka.o [3]
  i.smp_sc_force_debug_private_key
                          ro code  0x1004'686c      0x20  smp_scv42_caf.o [3]
  i.smp_sc_is_another_sc_pairing_ongoing
                          ro code  0x1004'688c      0x40  smp_scv42_caf.o [3]
  i.hci_le_read_local_p256_public_key_api
                          ro code  0x1004'68cc      0x3c  hci.o [3]
  i.smp_sc_submit_ecc_pk_generation_request
                          ro code  0x1004'6908      0x18  smp_scv42_caf.o [3]
  i.smp_sc_is_debug_key_usage_forced
                          ro code  0x1004'6920      0x10  smp_scv42_caf.o [3]
  i.smp_pairing_failed_send
                          ro code  0x1004'6930      0x2a  smp_common.o [3]
  i.smp_sc_pairing_oob_confirm_receive_verify
                          ro code  0x1004'695c      0x8c  smp_scv42_caf.o [3]
  i.smp____SR_PairingConfirm_Receive
                          ro code  0x1004'69e8      0x7a  securitymgr.o [3]
  i.SMA_SC_Gen_f4_Confirm
                          ro code  0x1004'6a62      0x50  smp_algo_sap.o [3]
  i.SMA_SC_Gen_g2_NumComp_Val
                          ro code  0x1004'6ab2      0x58  smp_algo_sap.o [3]
  i.le4ByteToInt32        ro code  0x1004'6b0a      0x16  securitymgr.o [3]
  i.aci_gap_numeric_comparison_value_event_push
                          ro code  0x1004'6b20      0x58  securitymgr.o [3]
  i.is_Buffer_All_Set_To  ro code  0x1004'6b78      0x1e  utils.o [3]
  i.smp_sc_pairing_public_key_send
                          ro code  0x1004'6b98      0x6c  smp_scv42_caf.o [3]
  i.smp_sc_phase_2as2_start
                          ro code  0x1004'6c04      0xa4  smp_scv42_caf.o [3]
  i.smp_sc_phase_2as2_dhkey_check_receive
                          ro code  0x1004'6ca8      0x72  smp_scv42_caf.o [3]
  i.smp_sc_pairing_public_key_receive
                          ro code  0x1004'6d1c      0xa8  smp_scv42_caf.o [3]
  i.fifoBuf_getFreeHeader
                          ro code  0x1004'6dc4      0x6c  aci_events.o [3]
  i.addr_u32_from_u8      ro code  0x1004'6e30      0x1e  rom_ll_isr_routines.o [3]
  i.PRIVWHIT_u8SearchAddrInList
                          ro code  0x1004'6e50      0x84  ll_privacy.o [3]
  i.PRIVWHIT_u8AddAddrInList
                          ro code  0x1004'6ed4     0x1f0  ll_privacy.o [3]
  i.PRIVWHIT_u8RemoveAddrInList
                          ro code  0x1004'70c4     0x12c  ll_privacy.o [3]
  i.Timer_sysTime32_convMachineTime
                          ro code  0x1004'71f0      0x24  host_timer.o [3]
  i.LL_LE_Set_Address_Resolution_Enable
                          ro code  0x1004'7214      0x20  ll_privacy.o [3]
  i.AES_keyschedule_enc   ro code  0x1004'7234      0x36  crypto.o [4]
  i.AES_general_SW_enc    ro code  0x1004'726c     0x264  crypto.o [4]
  i.get_scan_connection   ro code  0x1004'74d0      0x48  multi_master_time.o [3]
  i.wait_for_prescheduled_slot_cancellation
                          ro code  0x1004'7518      0x7c  ll_routines_master.o [3]
  i.get_next_free_slot    ro code  0x1004'7594      0x34  multi_master_time.o [3]
  i.request_scan_slot     ro code  0x1004'75c8      0x94  multi_master_time.o [3]
  i.int32ToLe4Byte        ro code  0x1004'765c      0x10  ll_routines_master.o [3]
  i.start_timebase        ro code  0x1004'766c      0xd0  multi_master_time.o [3]
  i.Check_and_find_gatt_client
                          ro code  0x1004'773c      0x18  gatt_client.o [3]
  i.Att_Send_Read_By_Typ_Req_Pdu
                          ro code  0x1004'7754      0x76  rom_att.o [3]
  i.PM_Release_Acl_Pckt   ro code  0x1004'77cc      0x3c  pm.o [3]
  i.GATT_Send_Packet      ro code  0x1004'7808      0x2c  gatt_server.o [3]
  i.le4ByteToInt32        ro code  0x1004'7834      0x16  rom_ll_ll_routines_master.o [3]
  i.get_connection_no     ro code  0x1004'784c      0x88  multi_master_time.o [3]
  i.smp_LP_MI_Compute_c1_Confirm_Value
                          ro code  0x1004'78d4     0x140  securitymgr.o [3]
  i.PM_Write_Pckt_Data    ro code  0x1004'7a14      0x12  pm.o [3]
  i.smp_send_packet       ro code  0x1004'7a28      0x38  securitymgr.o [3]
  i.PM_Copy_Pckt_Data     ro code  0x1004'7a60      0x12  pm.o [3]
  i.int32ToLe4Byte        ro code  0x1004'7a72      0x10  securitymgr.o [3]
  i.SMA_LP_s1_Generate_STK
                          ro code  0x1004'7a82      0x26  smp_algo_sap.o [3]
  i.smp_find_remote_device_index
                          ro code  0x1004'7aa8      0x44  smp_common.o [3]
  i.SMP_reset_timer       ro code  0x1004'7aec      0x40  smp_common.o [3]
  i.SMP_MI_PairingRequest_Send
                          ro code  0x1004'7b2c     0x14c  securitymgr.o [3]
  i.smp_Check_Incoming_Pairing_Parameters
                          ro code  0x1004'7c78      0x34  securitymgr.o [3]
  i.smp_Get_Pairing_Parameters_From_Peer_Packet
                          ro code  0x1004'7cac      0x88  securitymgr.o [3]
  i.smp_Set_Key_Association_Method
                          ro code  0x1004'7d34      0x78  securitymgr.o [3]
  i.BLEPLAT_PKA_Start_P256_Public_Key_Generation
                          ro code  0x1004'7dac      0x6c  pka.o [3]
  i.smp_pairing_2octets_packet_send
                          ro code  0x1004'7e18      0x34  smp_common.o [3]
  i.smp_pairing_process_abort
                          ro code  0x1004'7e4c      0x64  smp_common.o [3]
  i.smp_oob_check_is_remote_data_present
                          ro code  0x1004'7eb0      0x3c  smp_common.o [3]
  i.smp_oob_get_remote_data_reference
                          ro code  0x1004'7eec      0x48  smp_common.o [3]
  i.smp_LP_SR_Compute_c1_Confirm_Value
                          ro code  0x1004'7f34     0x150  securitymgr.o [3]
  i.copy_swap_buffer      ro code  0x1004'8084      0x20  utils.o [3]
  i.AES_CMAC_Encrypt      ro code  0x1004'80a4      0x3a  aes128cmac.o [3]
  i.PM_Resize_Pckt_Pdu_Size
                          ro code  0x1004'80e0      0x6c  pm.o [3]
  i.smp____SC_Phase_2AS2__Set_Addresses
                          ro code  0x1004'814c      0x30  smp_scv42_caf.o [3]
  i.SMA_SC_Gen_f5_Keys    ro code  0x1004'817c      0xe0  smp_algo_sap.o [3]
  i.smp____SC_Phase_2AS2_Generate_DHKeyCheck
                          ro code  0x1004'825c     0x134  smp_scv42_caf.o [3]
  i.smp____SC_Phase_2AS2_DHKeyCheck_Send
                          ro code  0x1004'8390      0x5c  smp_scv42_caf.o [3]
  i.hci_le_generate_dhkey_api
                          ro code  0x1004'83ec      0x7c  hci.o [3]
  i.scan_connection_or_advertiser
                          ro code  0x1004'8468      0x1a  ll_privacy.o [3]
  i.AES_keyschedule_enc_LL
                          ro code  0x1004'8484     0x150  crypto.o [4]
  i.adapt_slot            ro code  0x1004'85d4     0x260  multi_master_time.o [3]
  i.hal_radio_activity_state_callback_check
                          ro code  0x1004'8834      0x34  hal.o [3]
  i.Find_Gatt_Client      ro code  0x1004'8868      0x3c  gatt_client.o [3]
  i.Mem_Buff_Get_Chain_Count
                          ro code  0x1004'88a4      0x14  mem_buff.o [3]
  i.Mem_Buff_Release      ro code  0x1004'88b8      0x36  mem_buff.o [3]
  i.L2C_Send_Data         ro code  0x1004'88ee      0x4c  l2cap.o [3]
  i.acl_list_insert_tail  ro code  0x1004'893a      0x2c  acl_list.o [3]
  i.LL_Get_Address        ro code  0x1004'8968      0x2c  rom_ll_ll_routines.o [3]
  i.hci_le_encrypt        ro code  0x1004'8994       0xa  hci.o [3]
  i.Mem_Buff_Write        ro code  0x1004'899e      0x68  mem_buff.o [3]
  i.Mem_Buff_Read         ro code  0x1004'8a06      0x62  mem_buff.o [3]
  i.Timer_StopOneShot     ro code  0x1004'8a68      0x58  host_timer.o [3]
  i.Timer_StartOneShot    ro code  0x1004'8ac0      0x22  host_timer.o [3]
  i.SMP_get_remote_device_list_item
                          ro code  0x1004'8ae4      0x4c  smp_common.o [3]
  i.smp_search_blacklist  ro code  0x1004'8b30      0x44  smp_common.o [3]
  i.smp_Build_AuthReq_Field
                          ro code  0x1004'8b74      0x18  securitymgr.o [3]
  i.smp_Build_Pairing_ReqResp_Packet
                          ro code  0x1004'8b8c      0x38  securitymgr.o [3]
  i.smp_Determine_Key_Association_Method
                          ro code  0x1004'8bc4      0x9c  securitymgr.o [3]
  i.smp_flush_rx_queues   ro code  0x1004'8c60      0x38  smp_common.o [3]
  i.smp_update_statistics_on_pairing_complete
                          ro code  0x1004'8c98      0x38  smp_common.o [3]
  i.smp_repeated_attacks_protection
                          ro code  0x1004'8cd0      0xf0  smp_common.o [3]
  i.aci_gap_pairing_complete_event_push
                          ro code  0x1004'8dc0      0x5c  smp_common.o [3]
  i.AES_CMAC_Encrypt_Init
                          ro code  0x1004'8e1c      0x34  crypto.o [4]
  i.AES_CMAC_Encrypt_Append
                          ro code  0x1004'8e50     0x284  crypto.o [4]
  i.AES_CMAC_Encrypt_Finish
                          ro code  0x1004'90d4      0x6c  crypto.o [4]
  i.Mem_Buff_Get_Chain_Size
                          ro code  0x1004'9140      0x14  mem_buff.o [3]
  i.Mem_Buff_Resize       ro code  0x1004'9154      0x8e  mem_buff.o [3]
  i.SMA_SC_Gen_f6_Check_Val
                          ro code  0x1004'91e2      0x84  smp_algo_sap.o [3]
  i.BLEPLAT_PKA_Start_P256_DHKey_Generation
                          ro code  0x1004'9268      0x50  pka.o [3]
  i.get_advertiser        ro code  0x1004'92b8      0x48  multi_master_time.o [3]
  i.nsar_updateSlotListEntry
                          ro code  0x1004'9300      0x6c  multi_master_time.o [3]
  i.nsar_insertSlotListEntry
                          ro code  0x1004'936c      0x1c  multi_master_time.o [3]
  i.nsar_searchBestFreeSlot
                          ro code  0x1004'9388      0xc0  multi_master_time.o [3]
  i.hal_read_radio_activity_state
                          ro code  0x1004'9448      0x40  hal.o [3]
  i.aci_hal_end_of_radio_activity_event
                          ro code  0x1004'9488       0x2  hal.o [3]
  i.Acl_Transmit_Data     ro code  0x1004'948c      0x64  acl.o [3]
  i.PM_Get_Mem_Buff_Count
                          ro code  0x1004'94f0       0xa  pm.o [3]
  i.int32ToLe4Byte        ro code  0x1004'94fa      0x10  rom_ll_ll_routines.o [3]
  i.List_Circular_Remove_Node
                          ro code  0x1004'950a      0x20  rom_list.o [3]
  i.List_Circular_Insert_Tail
                          ro code  0x1004'952a       0xe  rom_list.o [3]
  i.HAL_VTimerAcc_sysT32_ms
                          ro code  0x1004'9538      0x24  host_timer.o [3]
  i.Timer_StartOneShot_sysTime32
                          ro code  0x1004'955c      0x74  host_timer.o [3]
  i.acl_list_first        ro code  0x1004'95d0       0x4  acl_list.o [3]
  i.acl_list_remove       ro code  0x1004'95d4      0x44  acl_list.o [3]
  i.AESstdInit            ro code  0x1004'9618      0xb8  crypto.o [4]
  i.AES_general_enc       ro code  0x1004'96d0       0x8  crypto.o [4]
  i.nsar_updateBestFreeSlot
                          ro code  0x1004'96d8      0x22  multi_master_time.o [3]
  i.LL_Send_ACL_Data      ro code  0x1004'96fc      0x50  rom_ll_ll_routines.o [3]
  i.List_Circular_Node_Present
                          ro code  0x1004'974c      0x16  rom_list.o [3]
  i.List_Circular_Remove_Head
                          ro code  0x1004'9762      0x1a  rom_list.o [3]
  i.isr_connect_master_state
                          ro code  0x1004'977c     0x6d8  ll_isr.o [3]
  i.isr_scan_state        ro code  0x1004'9e54     0x638  ll_isr.o [3]
  i.go_to_connect_master  ro code  0x1004'a48c     0x1c0  isr_routines.o [3]
  i.timebase_start_connect
                          ro code  0x1004'a64c      0x38  multi_master_time.o [3]
  .text                   ro code  0x1004'a684     0x560  slave.o [1]
  i.aci_gatt_add_service  ro code  0x1004'abe4      0x36  bluenrg_gatt_aci.o [3]
  .text                   ro code  0x1004'ac1c      0x5c  cassert.o [1]
  i.aci_gatt_add_char     ro code  0x1004'ac78      0x3e  bluenrg_gatt_aci.o [3]
  i.hci_le_rand           ro code  0x1004'acb6       0x8  hci.o [3]
  i.aci_hal_write_config_data
                          ro code  0x1004'acbe       0x8  bluenrg_hal_aci.o [3]
  i.aci_hal_set_tx_power_level
                          ro code  0x1004'acc6       0x8  bluenrg_hal_aci.o [3]
  i.aci_gatt_init         ro code  0x1004'acce       0x8  bluenrg_gatt_aci.o [3]
  i.aci_gap_init          ro code  0x1004'acd6      0x30  bluenrg_gap_aci.o [3]
  i.aci_gatt_update_char_value_ext
                          ro code  0x1004'ad06      0x22  bluenrg_gatt_aci.o [3]
  i.aci_gap_set_discoverable
                          ro code  0x1004'ad28      0x42  bluenrg_gap_aci.o [3]
  i.hci_le_set_advertising_data
                          ro code  0x1004'ad6a      0x16  hci.o [3]
  .text                   ro code  0x1004'ad80     0x168  app_common.o [1]
  i.hci_le_set_advertise_enable
                          ro code  0x1004'aee8      0x40  hci.o [3]
  i._load_uuid            ro code  0x1004'af28      0x26  bluenrg_gatt_aci.o [3]
  i.Gatt_Add_Service      ro code  0x1004'af50     0x160  gatt_server.o [3]
  .text                   ro code  0x1004'b0b0     0x1b0  BlueNRG1_uart.o [1]
  .text                   ro code  0x1004'b260      0x34  vsprintf.o [2]
  i.Gatt_Add_Characteristic
                          ro code  0x1004'b294     0x33c  gatt_server.o [3]
  i.LL_Get_Random_data    ro code  0x1004'b5d0      0x1c  rom_ll_routines_support.o [3]
  i.HAL_Write_ConfigData  ro code  0x1004'b5ec     0x11c  hal.o [3]
  i.HAL_Set_TX_Power_Level
                          ro code  0x1004'b708      0x44  hal.o [3]
  i.Gatt_Server_Init      ro code  0x1004'b74c     0x194  gatt_server.o [3]
  i.GAP_Init              ro code  0x1004'b8e0     0x1fc  gap.o [3]
  i.Gatt_Update_Charac_Value_Ext
                          ro code  0x1004'badc     0x390  gatt_server.o [3]
  i._aci_gap_set_discoverable_param_check
                          ro code  0x1004'be6c      0x5c  bluenrg_gap_aci.o [3]
  i.GAP_Set_Discoverable_Mode
                          ro code  0x1004'bec8      0x38  gap.o [3]
  i.LL_Set_Adv_Data       ro code  0x1004'bf00      0x78  rom_ll_ll_routines.o [3]
  i.Get_Random_Addr       ro code  0x1004'bf78      0x1c  hci.o [3]
  i.Is_Address_Initialized
                          ro code  0x1004'bf94      0x18  rom_ll_ll_routines.o [3]
  i.LL_Enable_Disable_Adv
                          ro code  0x1004'bfac     0x21c  rom_ll_ll_routines.o [3]
  i.Gatt_Server_Db_Check  ro code  0x1004'c1c8      0x38  gatt_server.o [3]
  i.List_Circular_Get_Size
                          ro code  0x1004'c200      0x14  rom_list.o [3]
  i.Ind_Service_Change_Charac
                          ro code  0x1004'c214      0x48  gatt_server.o [3]
  i.Gatt_search_service_handle
                          ro code  0x1004'c25c      0x30  gatt_server.o [3]
  i.Get_GAP_Handle        ro code  0x1004'c28c      0x10  rom_gap_rom.o [3]
  i.GAP_Notify_Add_Charac
                          ro code  0x1004'c29c      0x70  rom_gap_rom.o [3]
  i.Check_Encry_Key_Size  ro code  0x1004'c30c      0x18  rom_gatt_server.o [3]
  i.Gatt_Add_Charac_Desc  ro code  0x1004'c324     0x160  gatt_server.o [3]
  i.PM_Eng_Config         ro code  0x1004'c484      0x18  pm.o [3]
  i.SMP_sc_force_debug_key_usage
                          ro code  0x1004'c49c      0x22  smp_scv42_sap.o [3]
  i.ll_write_supported_data_ucfg
                          ro code  0x1004'c4be       0x4  ll_routines.o [3]
  i.acl_list_init         ro code  0x1004'c4c2      0x10  acl_list.o [3]
  i.GATT_Server_Set_Flag  ro code  0x1004'c4d4      0x18  gatt_server.o [3]
  i.Gatt_Update_Charac_Value
                          ro code  0x1004'c4ec      0x68  gatt_server.o [3]
  i.IDD_Initialize_Device_IDs
                          ro code  0x1004'c554     0x128  device_id_data.o [3]
  i.Get_StaticRandAddr    ro code  0x1004'c67c      0x14  rom_gap_rom.o [3]
  i.Gatt_search_handle    ro code  0x1004'c690      0x1e  gatt_server.o [3]
  i.Att_Check_Perms       ro code  0x1004'c6ae      0x50  att.o [3]
  i.Pm_Resize_Host_Acl_Pckt
                          ro code  0x1004'c6fe       0xe  gatt_server.o [3]
  i.Build_Notif_Or_Ind    ro code  0x1004'c70c      0x3e  gatt_server.o [3]
  i.Send_Notif_Or_Ind     ro code  0x1004'c74a      0x4c  gatt_server.o [3]
  i._gap_set_discoverable_connectable
                          ro code  0x1004'c798     0x174  gap.o [3]
  i.LL_Set_Advertising_Buffers
                          ro code  0x1004'c90c      0x88  rom_ll_ll_routines.o [3]
  i.LL_Set_Adv_PDU_Format
                          ro code  0x1004'c994      0xcc  rom_ll_ll_routines.o [3]
  i.schedule_advertise_slot
                          ro code  0x1004'ca60      0xb0  multi_master_time.o [3]
  i.wait_for_prescheduled_slot_cancellation
                          ro code  0x1004'cb10      0x7c  rom_ll_ll_routines.o [3]
  i.PM_Get_Available_Buffer
                          ro code  0x1004'cb8c      0x3c  pm.o [3]
  i.GATT_Num_Charac_Present
                          ro code  0x1004'cbc8      0x3a  rom_gatt_server.o [3]
  i.SDB_Get_Number_Of_Valid_Records
                          ro code  0x1004'cc04      0x44  sdb.o [3]
  i.__ARM_common_switch8  ro code  0x1004'cc48      0x1a  rom_ll_routines_support.o [3]
  i.Gatt_Add_Descriptor   ro code  0x1004'cc64     0x158  gatt_server.o [3]
  i.HAL_Flash_Store_Data  ro code  0x1004'cdbc      0x54  hal.o [3]
  .text                   ro code  0x1004'ce10      0x50  BlueNRG1_flash.o [1]
  i.Check_Permission      ro code  0x1004'ce60      0xa0  att.o [3]
  i.Select_Next_Notification_Client
                          ro code  0x1004'cf00      0x50  gatt_server.o [3]
  i.aci_gap_limited_discoverable_event_push
                          ro code  0x1004'cf50      0x50  gap.o [3]
  i.GAP_Privacy1v2        ro code  0x1004'cfa0     0x1e0  rom_gap.o [3]
  i.gapClearAllModeFlags  ro code  0x1004'd180      0x14  gap.o [3]
  i.advParamsCheckAndSet  ro code  0x1004'd194      0x88  gap.o [3]
  i.setGapAdvData         ro code  0x1004'd21c     0x104  gap.o [3]
  i.LL_Set_Adv_Params     ro code  0x1004'd320     0x14c  rom_ll_ll_routines.o [3]
  i.sdb_read_record_validity
                          ro code  0x1004'd46c      0x10  sdb.o [3]
  i.SMP_get_link_status   ro code  0x1004'd47c      0x2e  smp_common.o [3]
  i.SMP_check_encryption_key_size
                          ro code  0x1004'd4aa      0x20  smp_common.o [3]
  i.LL_Allow_Address_Setting
                          ro code  0x1004'd4ca      0x42  rom_ll_ll_routines.o [3]
  i.LL_Get_AdvAddress     ro code  0x1004'd50c      0x40  rom_ll_ll_routines.o [3]
  i.LL_Get_ScanAddress    ro code  0x1004'd54c      0x40  rom_ll_ll_routines.o [3]
  i.Generate_Non_Resolvable_Private_Address
                          ro code  0x1004'd58c      0x88  rom_gap.o [3]
  i.SM_Generate_Resolvable_Private_Address
                          ro code  0x1004'd614      0x4e  smp_algo_sap.o [3]
  i.LL_Get_Adv_Tx_Power_Level
                          ro code  0x1004'd664      0x18  rom_ll_routines_support.o [3]
  i.LL_Check_And_Set_Addresses
                          ro code  0x1004'd67c     0x1fc  rom_ll_ll_routines.o [3]
  i.SMA_Generate_IRK      ro code  0x1004'd878      0x28  smp_algo_sap.o [3]
  i.sma_Calculate_Hash    ro code  0x1004'd8a0      0x36  smp_algo_sap.o [3]
  i.convert_power         ro code  0x1004'd8d8      0x24  rom_ll_routines_support.o [3]
  i.LL_Set_DirectAddress  ro code  0x1004'd8fc      0x38  rom_ll_ll_routines.o [3]
  i.LL_Set_OwnAddress     ro code  0x1004'd934      0x24  rom_ll_ll_routines.o [3]
  i.SMA_Diversify         ro code  0x1004'd958      0x28  smp_algo_sap.o [3]
  i.addr_u32_from_u8      ro code  0x1004'd980      0x20  rom_ll_ll_routines.o [3]
  i.le4ByteToInt32        ro code  0x1004'd9a0      0x16  rom_ll_ll_routines.o [3]
  .text                   ro code  0x1004'd9b8     0x39c  system_bluenrg1.o [1]
  .text                   ro code  0x1004'dd54      0xd4  BlueNRG1_sysCtrl.o [1]
  .text                   ro code  0x1004'de28      0x7a  miscutil.o [1]
  .text                   ro code  0x1004'dea4      0x9c  context_switch.o [1]
  i.isr_advertise_state   ro code  0x1004'df40     0x398  ll_isr.o [3]
  i.go_to_connect         ro code  0x1004'e2d8     0x298  rom_ll_isr_routines.o [3]
  i.__ARM_common_memcpy1_6
                          ro code  0x1004'e570      0x1a  ll_isr.o [3]
  i.Check_For_Service_Change
                          ro code  0x1004'e58c     0x34c  gatt_server.o [3]
  i.SDB_read_peer_bonded_data
                          ro code  0x1004'e8d8      0x3c  sdb.o [3]
  i.Gatt_fetch_handle     ro code  0x1004'e914      0x3c  gatt_server.o [3]
  i.Find_Attr_Index       ro code  0x1004'e950      0x50  gatt_server.o [3]
  i.SDB_Find_Record       ro code  0x1004'e9a0      0xc4  sdb.o [3]
  i.sdb_find_client_data  ro code  0x1004'ea64      0xc8  sdb.o [3]
  i.sdb_read_record       ro code  0x1004'eb2c      0x24  sdb.o [3]
  i.SM_Resolve_Private_Address
                          ro code  0x1004'eb50      0x22  smp_algo_sap.o [3]
  i.sdb_get_gatt_db_start_address
                          ro code  0x1004'eb74      0x18  sdb.o [3]
  i.int32ToLe4Byte        ro code  0x1004'eb8c      0x10  sdb.o [3]
  i.Read_By_Type_Resp     ro code  0x1004'eb9c     0x2d4  att.o [3]
  i.Accu_UuidTypes_Requiring_Auth
                          ro code  0x1004'ee70      0xea  rom_att.o [3]
  i.aci_gatt_read_multi_permit_req_event_push
                          ro code  0x1004'ef5c      0x68  att.o [3]
  i.ATT_fill_error_resp   ro code  0x1004'efc4      0x26  att.o [3]
  i.Pm_Resize_Host_Acl_Pckt
                          ro code  0x1004'efea       0xe  att.o [3]
  i.Gatt_Find_Srv_Owner_Of_Handle
                          ro code  0x1004'eff8      0x48  gatt_server.o [3]
  i.Dynamic_allocator     ro code  0x1004'f040     0x264  mem_alloc.o [3]
  i.Mem_assign            ro code  0x1004'f2a4      0x16  mem_alloc.o [3]
  i.Gatt_Server_L2C_Handler
                          ro code  0x1004'f2bc     0x21c  gatt_server.o [3]
  i.Stop_Gatt_Timer       ro code  0x1004'f4d8      0x1c  rom_gatt_server.o [3]
  i.aci_hal_fw_error_event_push
                          ro code  0x1004'f4f4      0x5c  gatt_server.o [3]
  i.Start_Gatt_Timer      ro code  0x1004'f550      0x24  rom_gatt_server.o [3]
  i.Gatt_Find_Timed_Out_Connection_Index
                          ro code  0x1004'f574      0x38  gatt_server.o [3]
  i.RAL_Isr               ro code  0x1004'f5ac     0x218  ll_isr.o [3]
  i.Timer_ExpiryCallback  ro code  0x1004'f7c4      0x14  host_timer.o [3]
  i.Is_Flash_Write_On_Going
                          ro code  0x1004'f7d8      0x10  nvm.o [3]
  i.read_rssi             ro code  0x1004'f7e8      0x7c  ll_routines.o [3]
  i.isr_postproc          ro code  0x1004'f864     0x1f4  isr_postproc.o [3]
  i.LL_Data_Length_Change_Event_ucfg
                          ro code  0x1004'fa58       0x4  ll_routines.o [3]
  i.LL_Send_Length_Resp_ucfg
                          ro code  0x1004'fa5c       0x4  ll_routines.o [3]
  i.Process_Peer_Client_Data
                          ro code  0x1004'fa60     0x1f8  gatt_server.o [3]
  i.Exchg_Mtu_Resp        ro code  0x1004'fc58      0xb4  att.o [3]
  i.Find_Info_Resp        ro code  0x1004'fd0c     0x1e8  att.o [3]
  i.Find_By_Type_Val_Resp
                          ro code  0x1004'fef4     0x1f0  att.o [3]
  i.Read_Resp             ro code  0x1005'00e4     0x12a  att.o [3]
  i.Read_Blob_Resp        ro code  0x1005'020e     0x140  att.o [3]
  i.Read_Multi_Resp       ro code  0x1005'0350     0x194  att.o [3]
  i.Read_By_Grp_Type_Resp
                          ro code  0x1005'04e4     0x1e4  att.o [3]
  i.Write_Resp            ro code  0x1005'06c8     0x13c  att.o [3]
  i.Prepare_Write_Resp    ro code  0x1005'0804     0x178  att.o [3]
  i.Exec_Write_Resp       ro code  0x1005'097c     0x1c0  att.o [3]
  i.Write_Cmd             ro code  0x1005'0b3c     0x12c  att.o [3]
  i.PM_Pckt_Cmp           ro code  0x1005'0c68       0xa  pm.o [3]
  i.ATT_fill_type_val_entry
                          ro code  0x1005'0c72      0x34  att.o [3]
  i.aci_gatt_read_permit_req_event_push
                          ro code  0x1005'0ca8      0x50  att.o [3]
  i.Accu_Handles_Requiring_Auth
                          ro code  0x1005'0cf8      0x6e  rom_att.o [3]
  i.Gatt_Find_Srv_From_Handle
                          ro code  0x1005'0d68      0x2c  gatt_server.o [3]
  i.aci_gatt_write_permit_req_event_push
                          ro code  0x1005'0d94      0x6c  att.o [3]
  i.aci_gatt_attribute_modified_event_push
                          ro code  0x1005'0e00      0x78  att.o [3]
  i.acl_list_full_on_packt
                          ro code  0x1005'0e78      0x26  acl_list.o [3]
  i.PM_Clone_Pckt         ro code  0x1005'0e9e      0x22  pm.o [3]
  i.ATT_validate_prepare_req
                          ro code  0x1005'0ec0      0xa2  att.o [3]
  i.SMP_validate_signed_packet
                          ro code  0x1005'0f62      0x7a  smp_common.o [3]
  i.CheckSecForSignedWrite
                          ro code  0x1005'0fdc      0x2c  att.o [3]
  i.Mem_Buff_Cmp          ro code  0x1005'1008      0x78  mem_buff.o [3]
  i.Mem_Buff_Clone        ro code  0x1005'1080      0x32  mem_buff.o [3]
  i.smp_get_CSRK          ro code  0x1005'10b2      0x1e  smp_common.o [3]
  i.sma_CMAC_generate_tag
                          ro code  0x1005'10d0      0xc6  smp_algo_sap.o [3]
  i.sma_generate_subkeys  ro code  0x1005'1196      0x7e  smp_algo_sap.o [3]
  i.sma_left_shift        ro code  0x1005'1214      0x2c  smp_algo_sap.o [3]
  i.L2C_Signal_Channel_Handler
                          ro code  0x1005'1240     0x1b0  l2cap.o [3]
  i.L2C_Get_Connection_Info_Index
                          ro code  0x1005'13f0      0x30  l2cap.o [3]
  i.aci_l2cap_connection_update_req_event_push
                          ro code  0x1005'1420      0x98  l2cap.o [3]
  i.L2C_Build_Command_Reject_Pdu
                          ro code  0x1005'14b8      0x7c  l2cap.o [3]
  i.L2C_Get_Connection_Info
                          ro code  0x1005'1534      0x34  l2cap.o [3]
  i.Write_Client_Data     ro code  0x1005'1568     0x1b0  sdb.o [3]
  i.sdb_invalidate_record
                          ro code  0x1005'1718      0x20  sdb.o [3]
  i.Flash_Write_Flagged   ro code  0x1005'1738      0x3c  nvm.o [3]
  i.Gatt_Process_Q        ro code  0x1005'1774     0x19c  gatt_server.o [3]
  i.Gatt_Reset_To_Closed_State
                          ro code  0x1005'1910      0xfc  gatt_server.o [3]
  i.SMP_forget_device_by_conn_handle
                          ro code  0x1005'1a0c      0x1c  smp_common.o [3]
  i.SMP_check_is_device_bonded
                          ro code  0x1005'1a28      0x48  smp_common.o [3]
  i.Process_Peer_Server_Data
                          ro code  0x1005'1a70     0x16c  gatt_server.o [3]
  i.acl_list_is_empty     ro code  0x1005'1bdc       0xe  acl_list.o [3]
  i.acl_list_remove_head  ro code  0x1005'1bea      0x2e  acl_list.o [3]
  i.acl_list_insert_head  ro code  0x1005'1c18      0x26  acl_list.o [3]
  i.Gatt_Flush_Pending_AclPacket_Lists
                          ro code  0x1005'1c3e      0x34  gatt_server.o [3]
  i.Gatt_Store_Server_Database_And_Reset_CCCD
                          ro code  0x1005'1c74     0x170  gatt_server.o [3]
  i.aci_gatt_indication_event_push
                          ro code  0x1005'1de4      0x90  gatt_server.o [3]
  i.aci_gatt_notification_event_push
                          ro code  0x1005'1e74      0x90  gatt_server.o [3]
  i.store_data            ro code  0x1005'1f04      0x1e  gatt_server.o [3]
  i.SDB_flash_write_client_data
                          ro code  0x1005'1f24      0xb8  sdb.o [3]
  i.sdb_delete            ro code  0x1005'1fdc     0x164  sdb.o [3]
  i.Erase_Sector          ro code  0x1005'2140       0xe  sdb.o [3]
  i.sdb_write_record      ro code  0x1005'2150      0x7c  sdb.o [3]
  i.Delay_With_NOP_Cycles
                          ro code  0x1005'21cc       0xe  utils.o [3]
  i.SMP_Process_Q         ro code  0x1005'21dc     0x19c  securitymgr.o [3]
  i.smp_Get_Long_Term_Key
                          ro code  0x1005'2378      0x80  securitymgr.o [3]
  i.hci_le_long_term_key_requested_negative_reply
                          ro code  0x1005'23f8       0xe  hci.o [3]
  i.hci_le_long_term_key_request_reply
                          ro code  0x1005'2406       0xe  hci.o [3]
  i.smp_Execute_Actions_wrt_Current_State
                          ro code  0x1005'2414     0x18c  securitymgr.o [3]
  i.smp_Process_Rx_Packet_wrt_Current_State
                          ro code  0x1005'25a0     0x130  securitymgr.o [3]
  i.smp_pairing_failed_receive
                          ro code  0x1005'26d0      0x10  smp_common.o [3]
  i.SMA_generate_EDIV_recovery_DIV
                          ro code  0x1005'26e0      0x74  smp_algo_sap.o [3]
  i.SDB_Find_Matching_LTK
                          ro code  0x1005'2754      0xa0  sdb.o [3]
  i.LL_Set_LTK            ro code  0x1005'27f4      0x9c  ll_routines_support.o [3]
  i.GapIsPrivacySupported
                          ro code  0x1005'2890      0x14  rom_gap.o [3]
  i.SDB_get_security_data_record
                          ro code  0x1005'28a4      0xd8  sdb.o [3]
  i.smp_Keys_Distribution_Send
                          ro code  0x1005'297c     0x11c  securitymgr.o [3]
  i.smp_pairing_completed
                          ro code  0x1005'2a98      0x78  smp_common.o [3]
  i.smp_keys_receiving    ro code  0x1005'2b10      0xd6  smp_common.o [3]
  i.smp____SR_PairingRequest_Receive
                          ro code  0x1005'2be8     0x17c  securitymgr.o [3]
  i.smp____SR_PairingRandom_Receive
                          ro code  0x1005'2d64     0x120  securitymgr.o [3]
  i.smp_get_local_identity_address
                          ro code  0x1005'2e84      0x3c  smp_common.o [3]
  i.SMA_Generate_CSRK     ro code  0x1005'2ec0      0x28  smp_algo_sap.o [3]
  i.smp_add_pairing_record_to_bonding_database
                          ro code  0x1005'2ee8     0x148  smp_common.o [3]
  i.aci_gap_authorization_req_event_push
                          ro code  0x1005'3030      0x54  smp_common.o [3]
  i.SDB_Add_Record        ro code  0x1005'3084     0x184  sdb.o [3]
  i.LL_Init               ro code  0x1005'3208     0x18c  rom_ll_ll_routines.o [3]
  i.Blue_Init_Global      ro code  0x1005'3394      0x98  routines_support.o [3]
  i.LL_LE_Clear_White_List
                          ro code  0x1005'342c      0x28  ll_privacy.o [3]
  i.nsar_init             ro code  0x1005'3454      0x18  multi_master_time.o [3]
  i.Blue_Set_Radio_Config_Data
                          ro code  0x1005'346c      0x24  rom_ll_routines_support.o [3]
  i.Gatt_Super_Handler_Task7
                          ro code  0x1005'3490     0x188  gatt_client.o [3]
  i.GAP_Started_Gatt_Proc
                          ro code  0x1005'3618      0x2c  gap.o [3]
  i.Gatt_Check_Not_Error_Resp
                          ro code  0x1005'3644      0x52  gatt_client.o [3]
  i.aci_att_read_resp_event_push
                          ro code  0x1005'3698      0x74  gatt_client.o [3]
  i.aci_att_read_multiple_resp_event_push
                          ro code  0x1005'370c      0x74  gatt_client.o [3]
  i.aci_att_read_blob_resp_event_push
                          ro code  0x1005'3780      0x74  gatt_client.o [3]
  i.le2ByteToInt16        ro code  0x1005'37f4       0xa  gatt_client.o [3]
  i.Att_Send_Read_Blob_Req_Pdu
                          ro code  0x1005'37fe      0x48  rom_att.o [3]
  i.int16ToLe2Byte        ro code  0x1005'3846       0x8  gatt_client.o [3]
  i.GAP_Internal_Evt_Handler
                          ro code  0x1005'3850      0x3c  gap.o [3]
  i.aci_gatt_disc_read_char_by_uuid_resp_event_push
                          ro code  0x1005'388c      0x84  gatt_client.o [3]
  i.aci_gatt_proc_complete_event_push
                          ro code  0x1005'3910      0x58  gatt_client.o [3]
  i.aci_gatt_error_resp_event_push
                          ro code  0x1005'3968      0x78  gatt_client.o [3]
  i.advance_transmit      ro code  0x1005'39e0     0x158  routines_support.o [3]
  .constdata              const    0x1005'3b38     0x128  crypto.o [4]
  i.SMP_hci_encryption_change_evt_hndl
                          ro code  0x1005'3c60     0x120  smp_common.o [3]
  .constdata              const    0x1005'3d80     0x11c  aci_events.o [3]
  i.Timer_ProcessQ        ro code  0x1005'3e9c     0x11c  host_timer.o [3]
  i.TimerCallback         ro code  0x1005'3fb8      0x7c  host_timer.o [3]
  i.Set_Host_Timer_value  ro code  0x1005'4034      0x50  host_timer.o [3]
  i.GAP_LimDiscTimeoutcb  ro code  0x1005'4084      0x2c  gap.o [3]
  i.GAP_PrivateAddrTimercb
                          ro code  0x1005'40b0      0x48  rom_gap.o [3]
  i.GATT_TimeOut_Handler  ro code  0x1005'40f8      0x1a  gatt_server.o [3]
  i.L2C_SigChan_Req_TimeOut_Handler
                          ro code  0x1005'4114      0x60  l2cap.o [3]
  i.SMP_Protocol_Timer_cb
                          ro code  0x1005'4174      0x44  smp_common.o [3]
  i.SMP_repeated_attacks_timer_cb
                          ro code  0x1005'41b8      0x78  smp_common.o [3]
  i.HAL_VTimerTimeoutCallback
                          ro code  0x1005'4230       0x2  host_timer.o [3]
  i.Find_Timed_Out_Connection
                          ro code  0x1005'4234      0x20  gatt_server.o [3]
  .rodata                 const    0x1005'4254     0x114  slave.o [1]
  i.Events_Process_Q      ro code  0x1005'4368     0x10c  aci_events.o [3]
  .text                   ro code  0x1005'4474      0x98  BLE_MS_Formula_main.o [1]
  .text                   ro code  0x1005'450c      0x14  SDK_EVAL_Config.o [1]
  .text                   ro code  0x1005'4520      0xea  SDK_EVAL_Com.o [1]
  i.BlueNRG_Stack_Initialization
                          ro code  0x1005'460c      0x44  bluenrg_main_func.o [3]
  .text                   ro code  0x1005'4650      0x28  printf.o [2]
  .text                   ro code  0x1005'4678      0x80  SDK_EVAL_Led.o [1]
  i.BTLE_StackTick        ro code  0x1005'46f8      0x84  bluenrg_main_func.o [3]
  i.aci_gap_terminate     ro code  0x1005'477c       0x8  bluenrg_gap_aci.o [3]
  .text                   ro code  0x1005'4784      0xac  BlueNRG1_gpio.o [1]
  i.BlueNRG_Stack_Initialize_RAM_check
                          ro code  0x1005'4830      0x7c  bluenrg_main_func.o [3]
  i._BlueNRG_Stack_Initialization
                          ro code  0x1005'48ac      0xe8  bluenrg_main_func.o [3]
  i.hci_acl_Process_Q     ro code  0x1005'4994      0x6c  hci.o [3]
  i.Controller_Process_Q  ro code  0x1005'4a00      0x1c  hci.o [3]
  i.BlueNRG_Stack_Perform_Crystal_Check
                          ro code  0x1005'4a1c      0xc4  bluenrg_main_func.o [3]
  i.GAP_Process_Q         ro code  0x1005'4ae0      0x40  gap.o [3]
  i.GAP_Terminate_Link    ro code  0x1005'4b20       0x8  rom_gap_rom.o [3]
  i.Dynamic_allocator_noRet
                          ro code  0x1005'4b28       0x2  mem_alloc.o [3]
  i.mem_alloc_ctx_init    ro code  0x1005'4b2c      0xa8  mem_alloc.o [3]
  i.BlueNRG_Stack_Initialize_ConfigData
                          ro code  0x1005'4bd4      0x64  bluenrg_main_func.o [3]
  i.BlueNRG_Stack_Initialize_Layers
                          ro code  0x1005'4c38      0x84  bluenrg_main_func.o [3]
  i.PRIVWHIT_vInit_Struct
                          ro code  0x1005'4cbc      0xb8  ll_privacy.o [3]
  i.Data_Len_Update_Offline_Processing_ucfg
                          ro code  0x1005'4d74       0x2  ll_routines.o [3]
  i.Disconnection_Offline_Processing
                          ro code  0x1005'4d78      0x48  ll_routines.o [3]
  i.BlueNRG_Start_Crystal_Measurement
                          ro code  0x1005'4dc0      0x1c  bluenrg_main_func.o [3]
  i.set_freq              ro code  0x1005'4ddc      0x88  rom_ll_timehandling.o [3]
  i.LL_Disconnect_Link    ro code  0x1005'4e64      0x3c  ll_routines.o [3]
  i.Timer_Init            ro code  0x1005'4ea0      0x34  host_timer.o [3]
  i.PM_Init               ro code  0x1005'4ed4      0x68  pm.o [3]
  i.Acl_Init              ro code  0x1005'4f3c      0x20  acl.o [3]
  i.L2C_Init              ro code  0x1005'4f5c      0x58  l2cap.o [3]
  i.SMP_Init              ro code  0x1005'4fb4      0x3c  smp_common.o [3]
  i.GAP_Init_Context      ro code  0x1005'4ff0      0x14  gap.o [3]
  i.HCI_Init              ro code  0x1005'5004      0x7c  hci.o [3]
  i.ble_HAL_Init          ro code  0x1005'5080      0x1c  hal.o [3]
  i.Events_Process_init   ro code  0x1005'509c      0x4c  aci_events.o [3]
  i.LL_Send_Disconnection_Req
                          ro code  0x1005'50e8      0xa4  ll_routines.o [3]
  i.Mem_Buff_Init         ro code  0x1005'518c      0x6a  mem_buff.o [3]
  i.hal_radio_activity_state_init
                          ro code  0x1005'51f8      0x1c  hal.o [3]
  i.fifoCtrl_init         ro code  0x1005'5214       0xa  aci_events.o [3]
  i.SMP_acl_data_hndl     ro code  0x1005'5220      0xf8  smp_common.o [3]
  i.smp_Keys_Distribution_Complete
                          ro code  0x1005'5318      0x32  smp_common.o [3]
  i.L2C_Rcv_Data          ro code  0x1005'534a      0xcc  l2cap.o [3]
  i.PM_Extract_Pdu_MBuff  ro code  0x1005'5416       0xc  pm.o [3]
  i.Mem_Buff_Append       ro code  0x1005'5422      0x12  mem_buff.o [3]
  i.PM_Compact            ro code  0x1005'5434      0x54  pm.o [3]
  i.L2C_Get_PDU_Len       ro code  0x1005'5488       0xe  l2cap.o [3]
  i.L2C_Mux_Acl_Packet    ro code  0x1005'5496      0x58  l2cap.o [3]
  i.L2C_discard_accumulated_acl_data
                          ro code  0x1005'54f0      0x5c  l2cap.o [3]
  i.Mem_Buff_Compact      ro code  0x1005'554c      0xba  mem_buff.o [3]
  .rodata                 const    0x1005'5608      0x9c  slave.o [1]
  .rodata                 const    0x1005'56a4      0x98  slave.o [1]
  i.SMP_connection_complete_handler
                          ro code  0x1005'573c      0x94  smp_common.o [3]
  i.L2C_Reset_To_Closed_State
                          ro code  0x1005'57d0      0x7c  l2cap.o [3]
  .rodata                 const    0x1005'584c      0x70  slave.o [1]
  i.hci_rx_acl_data       ro code  0x1005'58bc      0x6c  hci.o [3]
  .rodata                 const    0x1005'5928      0x6a  xprintffull_nomb.o [2]
  .rodata                 const    0x1005'5994      0x68  BLE_MS_Formula_main.o [1]
  i.GAP_Connection_Complete_Handler
                          ro code  0x1005'59fc      0x68  gap.o [3]
  i.GAP_LL_Event_Handler_ISR
                          ro code  0x1005'5a64      0x68  gap.o [3]
  i._GAP_Parse_Advertising_Report
                          ro code  0x1005'5acc      0x64  gap.o [3]
  i.isr_test_tx_state     ro code  0x1005'5b30      0x64  ll_isr.o [3]
  .constdata              const    0x1005'5b94      0x60  smp_scv42_caf.o [3]
  i.L2C_Rcv_Event_Handler_ISR
                          ro code  0x1005'5bf4      0x54  l2cap.o [3]
  i.L2C_Connection_Complete_Handler
                          ro code  0x1005'5c48      0x4a  l2cap.o [3]
  i.Gatt_Server_L2C_Handler_ISR
                          ro code  0x1005'5c94      0x4c  gatt_server.o [3]
  i.SMP_hci_disconnection_complete_evt_hndl
                          ro code  0x1005'5ce0      0x40  smp_common.o [3]
  i.L2C_Signal_Channel_Handler_ISR
                          ro code  0x1005'5d20      0x24  l2cap.o [3]
  i.SMP_hci_le_long_term_key_request_evt_hndl
                          ro code  0x1005'5d44      0x38  smp_common.o [3]
  i.SMP_hci_le_connection_complete_evt_hndl
                          ro code  0x1005'5d7c      0x2e  smp_common.o [3]
  i.SMP_hci_le_enhanced_connection_complete_evt_hndl
                          ro code  0x1005'5daa      0x52  smp_common.o [3]
  i.GATT_Connection_Complete_Handler
                          ro code  0x1005'5dfc      0x44  gatt_server.o [3]
  i.L2C_Connection_Complete_Signal_Handler
                          ro code  0x1005'5e40      0x2a  l2cap.o [3]
  i.int_cb_hci_acl_data_tx_cmpl_event
                          ro code  0x1005'5e6c      0x54  acl.o [3]
  i.hci_tx_acl_data_done  ro code  0x1005'5ec0      0x44  hci.o [3]
  i.L2C_Rcv_Event_Handler
                          ro code  0x1005'5f04      0x1e  l2cap.o [3]
  i.cb_hci_le_enhanced_connection_complete_event
                          ro code  0x1005'5f24      0x4c  aci_events.o [3]
  i.cb_hci_le_connection_complete_event
                          ro code  0x1005'5f70      0x44  aci_events.o [3]
  .constdata              const    0x1005'5fb4      0x40  pka.o [3]
  i.int_cb_hci_acl_data_ind_event
                          ro code  0x1005'5ff4      0x40  acl.o [3]
  .text                   ro code  0x1005'6034      0x3c  zero_init3.o [6]
  .text                   ro code  0x1005'6070      0x3c  packbits_init_single.o [6]
  .rodata                 const    0x1005'60ac      0x38  slave.o [1]
  i.cb_aci_l2cap_connection_update_req_event
                          ro code  0x1005'60e4      0x34  aci_events.o [3]
  i.aci_l2cap_connection_update_req_event
                          ro code  0x1005'6118       0x2  aci_events.o [3]
  i.isr_test_rx_state     ro code  0x1005'611c      0x34  ll_isr.o [3]
  .rodata                 const    0x1005'6150      0x30  slave.o [1]
  i.cb_hci_le_connection_update_complete_event
                          ro code  0x1005'6180      0x30  aci_events.o [3]
  i.hci_le_connection_update_complete_event
                          ro code  0x1005'61b0       0x2  aci_events.o [3]
  i.cb_hci_le_data_length_change_event
                          ro code  0x1005'61b4      0x30  aci_events.o [3]
  i.hci_le_data_length_change_event
                          ro code  0x1005'61e4       0x2  aci_events.o [3]
  .rodata                 const    0x1005'61e8      0x2c  slave.o [1]
  i.cb_aci_att_prepare_write_resp_event
                          ro code  0x1005'6214      0x2c  aci_events.o [3]
  i.aci_att_prepare_write_resp_event
                          ro code  0x1005'6240       0x2  aci_events.o [3]
  i.cb_aci_gatt_attribute_modified_event
                          ro code  0x1005'6244      0x2c  aci_events.o [3]
  i.cb_hci_le_read_remote_used_features_complete_event
                          ro code  0x1005'6270      0x2c  aci_events.o [3]
  i.hci_le_read_remote_used_features_complete_event
                          ro code  0x1005'629c       0x2  aci_events.o [3]
  i.isr_unknown_state     ro code  0x1005'62a0      0x2c  ll_isr.o [3]
  .rodata                 const    0x1005'62cc      0x28  slave.o [1]
  i.cb_aci_att_find_info_resp_event
                          ro code  0x1005'62f4      0x28  aci_events.o [3]
  i.aci_att_find_info_resp_event
                          ro code  0x1005'631c       0x2  aci_events.o [3]
  i.cb_aci_att_read_by_group_type_resp_event
                          ro code  0x1005'6320      0x28  aci_events.o [3]
  i.aci_att_read_by_group_type_resp_event
                          ro code  0x1005'6348       0x2  aci_events.o [3]
  i.cb_aci_att_read_by_type_resp_event
                          ro code  0x1005'634c      0x28  aci_events.o [3]
  i.aci_att_read_by_type_resp_event
                          ro code  0x1005'6374       0x2  aci_events.o [3]
  i.cb_aci_gap_proc_complete_event
                          ro code  0x1005'6378      0x28  aci_events.o [3]
  i.aci_gap_proc_complete_event
                          ro code  0x1005'63a0       0x2  aci_events.o [3]
  i.cb_aci_gatt_disc_read_char_by_uuid_resp_event
                          ro code  0x1005'63a4      0x28  aci_events.o [3]
  i.aci_gatt_disc_read_char_by_uuid_resp_event
                          ro code  0x1005'63cc       0x2  aci_events.o [3]
  i.cb_aci_gatt_error_resp_event
                          ro code  0x1005'63d0      0x28  aci_events.o [3]
  i.aci_gatt_error_resp_event
                          ro code  0x1005'63f8       0x2  aci_events.o [3]
  i.cb_aci_gatt_indication_event
                          ro code  0x1005'63fc      0x28  aci_events.o [3]
  i.aci_gatt_indication_event
                          ro code  0x1005'6424       0x2  aci_events.o [3]
  i.cb_aci_gatt_notification_event
                          ro code  0x1005'6428      0x28  aci_events.o [3]
  i.aci_gatt_notification_event
                          ro code  0x1005'6450       0x2  aci_events.o [3]
  i.cb_aci_hal_scan_req_report_event
                          ro code  0x1005'6454      0x28  aci_events.o [3]
  i.aci_hal_scan_req_report_event
                          ro code  0x1005'647c       0x2  aci_events.o [3]
  i.cb_hci_le_generate_dhkey_complete_event
                          ro code  0x1005'6480      0x28  aci_events.o [3]
  i.hci_le_generate_dhkey_complete_event
                          ro code  0x1005'64a8       0x2  aci_events.o [3]
  i.cb_hci_le_long_term_key_request_event
                          ro code  0x1005'64ac      0x28  aci_events.o [3]
  i.hci_le_long_term_key_request_event
                          ro code  0x1005'64d4       0x2  aci_events.o [3]
  i.cb_hci_le_read_local_p256_public_key_complete_event
                          ro code  0x1005'64d8      0x28  aci_events.o [3]
  i.hci_le_read_local_p256_public_key_complete_event
                          ro code  0x1005'6500       0x2  aci_events.o [3]
  i.cb_hci_read_remote_version_information_complete_event
                          ro code  0x1005'6504      0x28  aci_events.o [3]
  i.hci_read_remote_version_information_complete_event
                          ro code  0x1005'652c       0x2  aci_events.o [3]
  .text                   ro code  0x1005'6530      0x28  data_init.o [6]
  i.int_cb_hci_disconnection_complete_event
                          ro code  0x1005'6558      0x26  aci_events.o [3]
  i.int_cb_hci_le_connection_complete_event
                          ro code  0x1005'657e      0x26  aci_events.o [3]
  i.int_cb_hci_le_enhanced_connection_complete_event
                          ro code  0x1005'65a4      0x26  aci_events.o [3]
  i.cb_aci_att_exchange_mtu_resp_event
                          ro code  0x1005'65cc      0x24  aci_events.o [3]
  i.cb_aci_att_find_by_type_value_resp_event
                          ro code  0x1005'65f0      0x24  aci_events.o [3]
  i.aci_att_find_by_type_value_resp_event
                          ro code  0x1005'6614       0x2  aci_events.o [3]
  i.cb_aci_att_read_blob_resp_event
                          ro code  0x1005'6618      0x24  aci_events.o [3]
  i.aci_att_read_blob_resp_event
                          ro code  0x1005'663c       0x2  aci_events.o [3]
  i.cb_aci_att_read_multiple_resp_event
                          ro code  0x1005'6640      0x24  aci_events.o [3]
  i.aci_att_read_multiple_resp_event
                          ro code  0x1005'6664       0x2  aci_events.o [3]
  i.cb_aci_att_read_resp_event
                          ro code  0x1005'6668      0x24  aci_events.o [3]
  i.aci_att_read_resp_event
                          ro code  0x1005'668c       0x2  aci_events.o [3]
  i.cb_aci_att_write_resp_event
                          ro code  0x1005'6690      0x24  aci_events.o [3]
  i.aci_att_write_resp_event
                          ro code  0x1005'66b4       0x2  aci_events.o [3]
  i.cb_aci_gap_keypress_notification_event
                          ro code  0x1005'66b8      0x24  aci_events.o [3]
  i.aci_gap_keypress_notification_event
                          ro code  0x1005'66dc       0x2  aci_events.o [3]
  i.cb_aci_gap_numeric_comparison_value_event
                          ro code  0x1005'66e0      0x24  aci_events.o [3]
  i.aci_gap_numeric_comparison_value_event
                          ro code  0x1005'6704       0x2  aci_events.o [3]
  i.cb_aci_gap_pairing_complete_event
                          ro code  0x1005'6708      0x24  aci_events.o [3]
  i.cb_aci_gatt_proc_complete_event
                          ro code  0x1005'672c      0x24  aci_events.o [3]
  i.cb_aci_l2cap_connection_update_resp_event
                          ro code  0x1005'6750      0x24  aci_events.o [3]
  i.cb_aci_l2cap_proc_timeout_event
                          ro code  0x1005'6774      0x24  aci_events.o [3]
  i.aci_l2cap_proc_timeout_event
                          ro code  0x1005'6798       0x2  aci_events.o [3]
  i.cb_hci_disconnection_complete_event
                          ro code  0x1005'679c      0x24  aci_events.o [3]
  i.cb_hci_encryption_change_event
                          ro code  0x1005'67c0      0x24  aci_events.o [3]
  i.hci_encryption_change_event
                          ro code  0x1005'67e4       0x2  aci_events.o [3]
  i.cb_hci_encryption_key_refresh_complete_event
                          ro code  0x1005'67e8      0x24  aci_events.o [3]
  i.hci_encryption_key_refresh_complete_event
                          ro code  0x1005'680c       0x2  aci_events.o [3]
  i.cb_hci_le_advertising_report_event
                          ro code  0x1005'6810      0x24  aci_events.o [3]
  i.hci_le_advertising_report_event
                          ro code  0x1005'6834       0x2  aci_events.o [3]
  i.cb_hci_le_direct_advertising_report_event
                          ro code  0x1005'6838      0x24  aci_events.o [3]
  i.hci_le_direct_advertising_report_event
                          ro code  0x1005'685c       0x2  aci_events.o [3]
  .iar.init_table         const    0x1005'6860      0x80  - Linker created -
  i.cb_aci_att_exec_write_resp_event
                          ro code  0x1005'68e0      0x20  aci_events.o [3]
  i.aci_att_exec_write_resp_event
                          ro code  0x1005'6900       0x2  aci_events.o [3]
  i.cb_aci_gap_addr_not_resolved_event
                          ro code  0x1005'6904      0x20  aci_events.o [3]
  i.aci_gap_addr_not_resolved_event
                          ro code  0x1005'6924       0x2  aci_events.o [3]
  i.cb_aci_gap_authorization_req_event
                          ro code  0x1005'6928      0x20  aci_events.o [3]
  i.aci_gap_authorization_req_event
                          ro code  0x1005'6948       0x2  aci_events.o [3]
  i.cb_aci_gap_device_found_event
                          ro code  0x1005'694c      0x20  aci_events.o [3]
  i.aci_gap_device_found_event
                          ro code  0x1005'696c       0x2  aci_events.o [3]
  i.cb_aci_gap_pass_key_req_event
                          ro code  0x1005'6970      0x20  aci_events.o [3]
  i.aci_gap_pass_key_req_event
                          ro code  0x1005'6990       0x2  aci_events.o [3]
  i.cb_aci_gatt_proc_timeout_event
                          ro code  0x1005'6994      0x20  aci_events.o [3]
  i.aci_gatt_proc_timeout_event
                          ro code  0x1005'69b4       0x2  aci_events.o [3]
  .text                   ro code  0x1005'69b8      0x1e  cmain.o [6]
  .text                   ro code  0x1005'69d6       0x8  exit.o [2]
  .text                   ro code  0x1005'69e0       0xa  cexit.o [6]
  .text                   ro code  0x1005'69ea      0x1e  putchar.o [2]
  i.int_cb_hci_le_advertising_report_event
                          ro code  0x1005'6a08      0x1e  aci_events.o [3]
  i.int_cb_hci_le_direct_advertising_report_event
                          ro code  0x1005'6a26      0x1e  aci_events.o [3]
  .text                   ro code  0x1005'6a44      0x1c  BlueNRG1_it.o [1]
  .text                   ro code  0x1005'6a60      0x10  clock.o [1]
  i.cb_aci_gap_bond_lost_event
                          ro code  0x1005'6a70      0x1c  aci_events.o [3]
  i.aci_gap_bond_lost_event
                          ro code  0x1005'6a8c       0x2  aci_events.o [3]
  i.cb_aci_gap_limited_discoverable_event
                          ro code  0x1005'6a90      0x1c  aci_events.o [3]
  i.aci_gap_limited_discoverable_event
                          ro code  0x1005'6aac       0x2  aci_events.o [3]
  i.cb_aci_gap_slave_security_initiated_event
                          ro code  0x1005'6ab0      0x1c  aci_events.o [3]
  i.aci_gap_slave_security_initiated_event
                          ro code  0x1005'6acc       0x2  aci_events.o [3]
  i.int_cb_hci_encryption_change_event
                          ro code  0x1005'6ace      0x1a  aci_events.o [3]
  i.int_cb_hci_encryption_key_refresh_complete_event
                          ro code  0x1005'6ae8      0x1a  aci_events.o [3]
  i.int_cb_hci_le_generate_dhkey_complete_event
                          ro code  0x1005'6b02      0x1a  aci_events.o [3]
  i.int_cb_hci_le_read_local_p256_public_key_complete_event
                          ro code  0x1005'6b1c      0x1a  aci_events.o [3]
  .constdata              const    0x1005'6b38      0x19  securitymgr.o [3]
  .text                   ro code  0x1005'6b52      0x16  xprout.o [2]
  i.cb_aci_gatt_prepare_write_permit_req_event
                          ro code  0x1005'6b68      0x16  aci_events.o [3]
  i.aci_gatt_prepare_write_permit_req_event
                          ro code  0x1005'6b7e       0x2  aci_events.o [3]
  i.cb_aci_l2cap_command_reject_event
                          ro code  0x1005'6b80      0x16  aci_events.o [3]
  i.aci_l2cap_command_reject_event
                          ro code  0x1005'6b96       0x2  aci_events.o [3]
  i.cb_hci_rx_acl_data_event
                          ro code  0x1005'6b98      0x16  aci_events.o [3]
  i.hci_rx_acl_data_event
                          ro code  0x1005'6bae       0x4  aci_events.o [3]
  i.cb_aci_gatt_write_permit_req_event
                          ro code  0x1005'6bb2      0x12  aci_events.o [3]
  i.aci_gatt_write_permit_req_event
                          ro code  0x1005'6bc4       0x2  aci_events.o [3]
  .constdata              const    0x1005'6bc8      0x10  rom_ll_timehandling.o [3]
  .constdata              const    0x1005'6bd8      0x10  smp_algo_sap.o [3]
  .constdata              const    0x1005'6be8      0x10  att.o [3]
  i.cb_aci_gatt_read_multi_permit_req_event
                          ro code  0x1005'6bf8      0x10  aci_events.o [3]
  i.aci_gatt_read_multi_permit_req_event
                          ro code  0x1005'6c08       0x2  aci_events.o [3]
  i.cb_aci_gatt_read_permit_req_event
                          ro code  0x1005'6c0a      0x10  aci_events.o [3]
  i.aci_gatt_read_permit_req_event
                          ro code  0x1005'6c1a       0x2  aci_events.o [3]
  i.cb_aci_hal_fw_error_event
                          ro code  0x1005'6c1c      0x10  aci_events.o [3]
  i.int_cb_hci_le_data_length_change_event
                          ro code  0x1005'6c2c      0x10  aci_events.o [3]
  i.cb_aci_gatt_tx_pool_available_event
                          ro code  0x1005'6c3c       0xe  aci_events.o [3]
[...]
isr_event_handler_scan_data
                        0x1004'4bbd   0x1f0  Code  Gb  ll_routines_master.o [3]
isr_event_handler_scan_data_ucfg
                        0x1004'3811     0x8  Code  Gb  stack_user_cfg.o [1]
isr_postproc            0x1004'f865   0x1d4  Code  Gb  isr_postproc.o [3]
isr_postproc1           0x1004'2221   0x106  Code  Gb  rom_ll_isr_postproc.o [3]
isr_postproc_encrypt_data
                        0x1004'2f2b    0x16  Code  Gb  rom_ll_isr_postproc.o [3]
isr_scan_state          0x1004'9e55   0x630  Code  Lc  ll_isr.o [3]
isr_test_rx_state       0x1005'611d    0x2c  Code  Lc  ll_isr.o [3]
isr_test_tx_state       0x1005'5b31    0x5c  Code  Lc  ll_isr.o [3]
isr_unknown_state       0x1005'62a1    0x26  Code  Lc  ll_isr.o [3]
le2ByteToInt16          0x1004'2e29     0xa  Code  Lc  rom_ll_isr_routines.o [3]
le2ByteToInt16          0x1005'37f5     0xa  Code  Lc  gatt_client.o [3]
le4ByteToInt32          0x1004'7835    0x16  Code  Lc  rom_ll_ll_routines_master.o [3]
le4ByteToInt32          0x1004'2e33    0x16  Code  Lc  rom_ll_isr_routines.o [3]
le4ByteToInt32          0x1004'6b0b    0x16  Code  Lc  securitymgr.o [3]
le4ByteToInt32          0x1004'd9a1    0x16  Code  Lc  rom_ll_ll_routines.o [3]
ll_write_supported_data_ucfg
                        0x1004'c4bf     0x4  Code  Wk  ll_routines.o [3]
machine_time_trans      0x1004'2039    0x1c  Code  Gb  rom_ll_timehandling.o [3]
main                    0x1005'4475    0x48  Code  Gb  BLE_MS_Formula_main.o [1]
mem_alloc_ctx_init      0x1005'4b2d    0x9e  Code  Gb  mem_alloc.o [3]
mem_alloc_ctx_p         0x2000'00b4     0x4  Data  Gb  mem_alloc.o [3]
memchr                  0x1004'11a1          Code  Gb  memchr.o [6]
memcmp                  0x1004'5ae9          Code  Gb  memcmp.o [6]
microseconds_to_machine_time
                        0x1004'32b5     0x8  Code  Gb  routines_support.o [3]
modulo_37               0x1004'23d9    0x18  Code  Gb  rom_ll_routines_support.o [3]
nsar_init               0x1005'3455    0x14  Code  Gb  multi_master_time.o [3]
nsar_insertSlotListEntry
                        0x1004'936d    0x18  Code  Lc  multi_master_time.o [3]
nsar_searchBestFreeSlot
                        0x1004'9389    0xbc  Code  Lc  multi_master_time.o [3]
nsar_updateBestFreeSlot
                        0x1004'96d9    0x22  Code  Lc  multi_master_time.o [3]
nsar_updateSlotListEntry
                        0x1004'9301    0x66  Code  Lc  multi_master_time.o [3]
ota_sw_activation       0x2000'0004     0x4  Data  Gb  system_bluenrg1.o [1]
ota_sw_activation_block$$Base
                        0x2000'0004           --   Gb  - Linker created -
ota_sw_activation_block$$Limit
                        0x2000'0008           --   Gb  - Linker created -
print_arr               0x1004'ae43    0x1c  Code  Gb  app_common.o [1]
print_arr_short         0x1004'ae5f    0x36  Code  Gb  app_common.o [1]
printf                  0x1005'4651    0x28  Code  Gb  printf.o [2]
printf_buffer           0x2000'02cc   0x100  Data  Lc  cassert.o [1]
putchar                 0x1005'69eb    0x1e  Code  Gb  putchar.o [2]
rcon                    0x1005'3c38    0x28  Data  Gb  crypto.o [4]
read_rssi               0x1004'f7e9    0x72  Code  Gb  ll_routines.o [3]
request_scan_slot       0x1004'75c9    0x8a  Code  Gb  multi_master_time.o [3]
rev_memcmp              0x1004'6737    0x16  Code  Lc  BlueNRG1_pka.o [1]
rfTimeout               0x2000'0018     0x4  Data  Gb  system_bluenrg1.o [1]
rfTimeout_block$$Base   0x2000'0018           --   Gb  - Linker created -
rfTimeout_block$$Limit  0x2000'001c           --   Gb  - Linker created -
s_SdkEvalVersion        0x2000'0465     0x1  Data  Lc  SDK_EVAL_Config.o [1]
s_UartRxModeVersion     0x1005'6ca0     0x4  Data  Gb  SDK_EVAL_Config.o [1]
s_UartRxPinVersion      0x1005'6c9c     0x4  Data  Gb  SDK_EVAL_Config.o [1]
s_UartTxModeVersion     0x1005'6c98     0x4  Data  Gb  SDK_EVAL_Config.o [1]
s_UartTxPinVersion      0x1005'6c94     0x4  Data  Gb  SDK_EVAL_Config.o [1]
s_ble_state             0x2000'0466     0x1  Data  Lc  slave.o [1]
s_ins                   0x2000'0400    0x20  Data  Lc  slave.o [1]
s_vectnGpioPinVersion   0x1005'6c4c     0xc  Data  Gb  SDK_EVAL_Config.o [1]
savedICSR               0x2000'0454     0x4  Data  Gb  system_bluenrg1.o [1]
savedMSP                0x2000'0008     0x4  Data  Gb  system_bluenrg1.o [1]
savedMSP_block$$Base    0x2000'0008           --   Gb  - Linker created -
savedMSP_block$$Limit   0x2000'000c           --   Gb  - Linker created -
savedNVIC_ISPR          0x2000'045c     0x4  Data  Gb  system_bluenrg1.o [1]
savedSHCSR              0x2000'0458     0x4  Data  Gb  system_bluenrg1.o [1]
scale                   0x1004'1071    0x44  Code  Lc  xprintffull_nomb.o [2]
scan_connection_or_advertiser
                        0x1004'8469    0x1a  Code  Lc  ll_privacy.o [3]
schedule_advertise_slot
                        0x1004'ca61    0xa8  Code  Gb  multi_master_time.o [3]
sdb_delete              0x1005'1fdd   0x160  Code  Lc  sdb.o [3]
sdb_find_client_data    0x1004'ea65    0xc4  Code  Lc  sdb.o [3]
sdb_get_gatt_db_start_address
                        0x1004'eb75    0x12  Code  Lc  sdb.o [3]
sdb_invalidate_record   0x1005'1719    0x1a  Code  Lc  sdb.o [3]
sdb_read_record         0x1004'eb2d    0x20  Code  Lc  sdb.o [3]
sdb_read_record_validity
                        0x1004'd46d     0xc  Code  Lc  sdb.o [3]
sdb_write_record        0x1005'2151    0x78  Code  Lc  sdb.o [3]
sec_hand                0x2000'0460     0x4  Data  Lc  xfail_s.o [2]
secure_connections_csr_ucfg
                        0x1004'3881     0x4  Code  Gb  stack_user_cfg.o [1]
setGapAdvData           0x1004'd21d    0xfe  Code  Gb  gap.o [3]
set_database            0x1004'a685    0xee  Code  Gb  slave.o [1]
set_freq                0x1005'4ddd    0x6c  Code  Gb  rom_ll_timehandling.o [3]
set_sca                 0x1004'3519    0x18  Code  Gb  rom_ll_timehandling.o [3]
set_string              0x1004'2331    0x10  Code  Gb  hal.o [3]
slave_advance           0x1004'259d   0x1f8  Code  Gb  routines_support.o [3]
sma_CMAC_generate_tag   0x1005'10d1    0xc6  Code  Gb  smp_algo_sap.o [3]
sma_Calculate_Hash      0x1004'd8a1    0x36  Code  Lc  smp_algo_sap.o [3]
sma_generate_subkeys    0x1005'1197    0x7e  Code  Lc  smp_algo_sap.o [3]
sma_left_shift          0x1005'1215    0x2c  Code  Lc  smp_algo_sap.o [3]
smp_Build_AuthReq_Field
                        0x1004'8b75    0x18  Code  Lc  securitymgr.o [3]
smp_Build_Pairing_ReqResp_Packet
                        0x1004'8b8d    0x34  Code  Lc  securitymgr.o [3]
smp_Check_Incoming_Pairing_Parameters
                        0x1004'7c79    0x30  Code  Lc  securitymgr.o [3]
smp_Determine_Key_Association_Method
                        0x1004'8bc5    0x94  Code  Lc  securitymgr.o [3]
smp_Execute_Actions_wrt_Current_State
                        0x1005'2415   0x186  Code  Lc  securitymgr.o [3]
smp_Execute_Actions_wrt_Current_State_MI_excerpt
                        0x1004'4f6d    0x4e  Code  Gb  securitymgr.o [3]
smp_Execute_Actions_wrt_Current_State_MI_excerpt_ucfg
                        0x1004'3841     0x8  Code  Gb  stack_user_cfg.o [1]
smp_Execute_Actions_wrt_Current_State_sc_MI_excerpt_phase2as2
                        0x1004'500d    0x12  Code  Gb  securitymgr.o [3]
smp_Execute_Actions_wrt_Current_State_sc_MI_excerpt_phase2as2_ucfg
                        0x1004'3851     0x8  Code  Gb  stack_user_cfg.o [1]
smp_Execute_Actions_wrt_Current_State_sc_excerpt_phase2as2
                        0x1004'55f1    0x58  Code  Gb  securitymgr.o [3]
smp_Execute_Actions_wrt_Current_State_sc_excerpt_phase2as2_ucfg
                        0x1004'38dd     0x8  Code  Gb  stack_user_cfg.o [1]
smp_Execute_Actions_wrt_Current_State_sc_excerpt_phase_1_to_2
                        0x1004'5585    0x64  Code  Gb  securitymgr.o [3]
smp_Execute_Actions_wrt_Current_State_sc_excerpt_phase_1_to_2_ucfg
                        0x1004'38d5     0x8  Code  Gb  stack_user_cfg.o [1]
smp_Get_Long_Term_Key   0x1005'2379    0x7a  Code  Lc  securitymgr.o [3]
smp_Get_Pairing_Parameters_From_Peer_Packet
                        0x1004'7cad    0x84  Code  Lc  securitymgr.o [3]
smp_Keys_Distribution_Complete
                        0x1005'5319    0x32  Code  Lc  smp_common.o [3]
smp_Keys_Distribution_Send
                        0x1005'297d   0x118  Code  Lc  securitymgr.o [3]
smp_LP_MI_Compute_c1_Confirm_Value
                        0x1004'78d5   0x13c  Code  Lc  securitymgr.o [3]
smp_LP_SR_Compute_c1_Confirm_Value
                        0x1004'7f35   0x14c  Code  Lc  securitymgr.o [3]
smp_MI_Start_Encryption
                        0x1004'4ee5    0x88  Code  Gb  securitymgr.o [3]
smp_MI_Start_Encryption_ucfg
                        0x1004'3839     0x8  Code  Gb  stack_user_cfg.o [1]
smp_Process_Rx_Packet_Exception_Cases_sc_excerpt
                        0x1004'5695    0x84  Code  Gb  securitymgr.o [3]
smp_Process_Rx_Packet_Exception_Cases_sc_excerpt_ucfg
                        0x1004'38ed     0x8  Code  Gb  stack_user_cfg.o [1]
smp_Process_Rx_Packet_wrt_Current_State
                        0x1005'25a1   0x128  Code  Lc  securitymgr.o [3]
smp_Process_Rx_Packet_wrt_Current_State_MI_excerpt
                        0x1004'4fbb    0x52  Code  Gb  securitymgr.o [3]
smp_Process_Rx_Packet_wrt_Current_State_MI_excerpt_ucfg
                        0x1004'3849     0x8  Code  Gb  stack_user_cfg.o [1]
smp_Process_Rx_Packet_wrt_Current_State_sc_excerpt
                        0x1004'5649    0x4a  Code  Gb  securitymgr.o [3]
smp_Process_Rx_Packet_wrt_Current_State_sc_excerpt_ucfg
                        0x1004'38e5     0x8  Code  Gb  stack_user_cfg.o [1]
smp_Set_Key_Association_Method
                        0x1004'7d35    0x70  Code  Lc  securitymgr.o [3]
smp____MI_PairingConfirm_Receive
                        0x1004'668d    0x58  Code  Lc  securitymgr.o [3]
smp____MI_PairingConfirm_Send
                        0x1004'6419    0x66  Code  Lc  securitymgr.o [3]
smp____MI_PairingRandom_Receive
                        0x1004'64b9    0xde  Code  Lc  securitymgr.o [3]
smp____MI_PairingResponse_Receive
                        0x1004'6621    0x6c  Code  Lc  securitymgr.o [3]
smp____MI_SecurityRequest_Receive
                        0x1004'659d    0x7a  Code  Lc  securitymgr.o [3]
smp____SC_Phase_2AS2_DHKeyCheck_Send
                        0x1004'8391    0x56  Code  Lc  smp_scv42_caf.o [3]
smp____SC_Phase_2AS2_Generate_DHKeyCheck
                        0x1004'825d   0x12e  Code  Lc  smp_scv42_caf.o [3]
smp____SC_Phase_2AS2__Set_Addresses
                        0x1004'814d    0x30  Code  Lc  smp_scv42_caf.o [3]
smp____SR_PairingConfirm_Receive
                        0x1004'69e9    0x7a  Code  Lc  securitymgr.o [3]
smp____SR_PairingRandom_Receive
                        0x1005'2d65   0x11a  Code  Lc  securitymgr.o [3]
smp____SR_PairingRequest_Receive
                        0x1005'2be9   0x178  Code  Lc  securitymgr.o [3]
smp_add_pairing_record_to_bonding_database
                        0x1005'2ee9   0x144  Code  Gb  smp_common.o [3]
smp_find_remote_device_index
                        0x1004'7aa9    0x3a  Code  Gb  smp_common.o [3]
smp_flush_rx_queues     0x1004'8c61    0x34  Code  Lc  smp_common.o [3]
smp_get_CSRK            0x1005'10b3    0x1e  Code  Gb  smp_common.o [3]
smp_get_local_identity_address
                        0x1005'2e85    0x34  Code  Gb  smp_common.o [3]
smp_keys_distribution_start
                        0x1004'647f    0x38  Code  Gb  smp_common.o [3]
smp_keys_receiving      0x1005'2b11    0xd6  Code  Gb  smp_common.o [3]
smp_oob_check_is_remote_data_present
                        0x1004'7eb1    0x36  Code  Gb  smp_common.o [3]
smp_oob_get_remote_data_reference
                        0x1004'7eed    0x44  Code  Gb  smp_common.o [3]
smp_pairing_2octets_packet_send
                        0x1004'7e19    0x34  Code  Gb  smp_common.o [3]
smp_pairing_completed   0x1005'2a99    0x70  Code  Gb  smp_common.o [3]
smp_pairing_failed_receive
                        0x1005'26d1    0x10  Code  Gb  smp_common.o [3]
smp_pairing_failed_send
                        0x1004'6931    0x2a  Code  Gb  smp_common.o [3]
smp_pairing_process_abort
                        0x1004'7e4d    0x60  Code  Lc  smp_common.o [3]
smp_repeated_attacks_protection
                        0x1004'8cd1    0xda  Code  Gb  smp_common.o [3]
smp_sc_MI_PairingConfirm_Send_sc_excerpt
                        0x1004'53d9    0x2c  Code  Gb  securitymgr.o [3]
smp_sc_MI_PairingConfirm_Send_sc_excerpt_ucfg
                        0x1004'38ad     0x8  Code  Gb  stack_user_cfg.o [1]
smp_sc_MI_PairingRandom_Receive_sc_excerpt1
                        0x1004'5409    0x3e  Code  Gb  securitymgr.o [3]
smp_sc_MI_PairingRandom_Receive_sc_excerpt1_ucfg
                        0x1004'38b5     0x8  Code  Gb  stack_user_cfg.o [1]
smp_sc_MI_PairingRandom_Receive_sc_excerpt2
                        0x1004'544d    0x5e  Code  Gb  securitymgr.o [3]
smp_sc_MI_PairingRandom_Receive_sc_excerpt2_ucfg
                        0x1004'38bd     0x8  Code  Gb  stack_user_cfg.o [1]
smp_sc_MI_PairingResponse_Receive_sc_excerpt
                        0x1004'5349    0x2e  Code  Gb  securitymgr.o [3]
smp_sc_MI_PairingResponse_Receive_sc_excerpt_ucfg
                        0x1004'3895     0x8  Code  Gb  stack_user_cfg.o [1]
smp_sc_MI_Pairing_Phase_2AS1_Start_sc_excerpt
                        0x1004'537d    0x2c  Code  Gb  securitymgr.o [3]
smp_sc_MI_Pairing_Phase_2AS1_Start_sc_excerpt_ucfg
                        0x1004'389d     0x8  Code  Gb  stack_user_cfg.o [1]
smp_sc_SR_PairingConfirm_Receive_sc_excerpt
                        0x1004'54b5    0x2e  Code  Gb  securitymgr.o [3]
smp_sc_SR_PairingConfirm_Receive_sc_excerpt_ucfg
                        0x1004'38c5     0x8  Code  Gb  stack_user_cfg.o [1]
smp_sc_SR_PairingRandom_Receive_sc_excerpt
                        0x1004'54e9    0x92  Code  Gb  securitymgr.o [3]
smp_sc_SR_PairingRandom_Receive_sc_excerpt_ucfg
                        0x1004'38cd     0x8  Code  Gb  stack_user_cfg.o [1]
smp_sc_SR_Pairing_Phase_2AS1_Start_sc_excerpt
                        0x1004'53a9    0x30  Code  Gb  securitymgr.o [3]
smp_sc_SR_Pairing_Phase_2AS1_Start_sc_excerpt_ucfg
                        0x1004'38a5     0x8  Code  Gb  stack_user_cfg.o [1]
smp_sc_check_for_ecc_pk_generation_request
                        0x1004'51f5    0x2a  Code  Gb  smp_scv42_caf.o [3]
smp_sc_check_for_ecc_pk_generation_request_ucfg
                        0x1004'3871     0x8  Code  Gb  stack_user_cfg.o [1]
smp_sc_continue_on_exclusive_sc_pairing
                        0x1004'51bd    0x32  Code  Gb  smp_scv42_caf.o [3]
smp_sc_continue_on_exclusive_sc_pairing_ucfg
                        0x1004'3869     0x8  Code  Gb  stack_user_cfg.o [1]
smp_sc_force_debug_private_key
                        0x1004'686d    0x16  Code  Gb  smp_scv42_caf.o [3]
smp_sc_hci_le_generate_dhkey_complete_evt_hndl
                        0x1004'52d5    0x6a  Code  Gb  smp_scv42_sap.o [3]
smp_sc_hci_le_generate_dhkey_complete_evt_hndl_ucfg
                        0x1004'388d     0x8  Code  Gb  stack_user_cfg.o [1]
smp_sc_hci_le_read_local_p256_public_key_complete_evt_hndl
                        0x1004'5299    0x38  Code  Gb  smp_scv42_sap.o [3]
smp_sc_hci_le_read_local_p256_public_key_complete_evt_hndl_ucfg
                        0x1004'3885     0x8  Code  Gb  stack_user_cfg.o [1]
smp_sc_init             0x1004'5185    0x30  Code  Gb  smp_scv42_caf.o [3]
smp_sc_init_ucfg        0x1004'3861     0x8  Code  Gb  stack_user_cfg.o [1]
smp_sc_is_another_sc_pairing_ongoing
                        0x1004'688d    0x38  Code  Gb  smp_scv42_caf.o [3]
smp_sc_is_debug_key_usage_forced
                        0x1004'6921     0xc  Code  Gb  smp_scv42_caf.o [3]
smp_sc_pairing_oob_confirm_receive_verify
                        0x1004'695d    0x86  Code  Gb  smp_scv42_caf.o [3]
smp_sc_pairing_public_key_receive
                        0x1004'6d1d    0xa0  Code  Gb  smp_scv42_caf.o [3]
smp_sc_pairing_public_key_send
                        0x1004'6b99    0x68  Code  Gb  smp_scv42_caf.o [3]
smp_sc_phase_2as2_dhkey_check_receive
                        0x1004'6ca9    0x72  Code  Gb  smp_scv42_caf.o [3]
smp_sc_phase_2as2_start
                        0x1004'6c05    0x9e  Code  Gb  smp_scv42_caf.o [3]
smp_sc_submit_ecc_pk_generation_request
                        0x1004'6909    0x12  Code  Gb  smp_scv42_caf.o [3]
smp_sc_update_statistics_on_pairing_complete
                        0x1004'5225    0x6e  Code  Gb  smp_scv42_caf.o [3]
smp_sc_update_statistics_on_pairing_complete_ucfg
                        0x1004'3879     0x8  Code  Gb  stack_user_cfg.o [1]
smp_search_blacklist    0x1004'8b31    0x3e  Code  Gb  smp_common.o [3]
smp_send_packet         0x1004'7a29    0x32  Code  Gb  securitymgr.o [3]
smp_update_statistics_on_pairing_complete
                        0x1004'8c99    0x32  Code  Lc  smp_common.o [3]
stacklib_flash_data     0x1006'7000   0x800  Data  Gb  BLE_MS_Formula_main.o [1]
stacklib_stored_device_id_data
                        0x1006'7800    0x38  Data  Gb  BLE_MS_Formula_main.o [1]
start_timebase          0x1004'766d    0xc2  Code  Gb  multi_master_time.o [3]
state_func_call_init_csr_ucfg
                        0x1004'3831     0x8  Code  Gb  stack_user_cfg.o [1]
store_data              0x1005'1f05    0x1e  Code  Gb  gatt_server.o [3]
strchr                  0x1004'1115          Code  Gb  strchr.o [6]
strlen                  0x1004'1189          Code  Gb  strlen.o [6]
swap_slaves             0x1004'354d   0x132  Code  Gb  routines_support.o [3]
swap_u16                0x1004'3f2d     0xa  Code  Lc  routines_support.o [3]
swap_u16                0x1004'2f75     0xa  Code  Lc  multi_master_time.o [3]
swap_u32                0x1004'3f23     0xa  Code  Lc  routines_support.o [3]
swap_u8                 0x1004'3f19     0xa  Code  Lc  routines_support.o [3]
sys_tick_count          0x2000'0450     0x4  Data  Lc  clock.o [1]
system_time_trans       0x1004'32a5    0x10  Code  Gb  rom_ll_timehandling.o [3]
system_time_trans_ext   0x1004'376d    0x2c  Code  Gb  rom_ll_timehandling.o [3]
test_notify_tick        0x1004'adbd    0x86  Code  Gb  app_common.o [1]
test_notify_tick::count
                        0x2000'0024     0x2  Data  Lc  app_common.o [1]
test_notify_tick::last_time
                        0x2000'0028     0x4  Data  Lc  app_common.o [1]
time_offset1            0x1004'353f     0xe  Code  Gb  rom_ll_timehandling.o [3]
time_offset2            0x1004'3699     0xc  Code  Gb  rom_ll_timehandling.o [3]
timebase_start_connect  0x1004'a64d    0x30  Code  Gb  multi_master_time.o [3]
uart_write_str          0x1004'ac1d    0x22  Code  Gb  cassert.o [1]
unpack_channel_map      0x1004'20a9    0x2e  Code  Gb  rom_ll_isr_routines.o [3]
unpack_update_request   0x1004'2061    0x48  Code  Gb  rom_ll_isr_routines.o [3]
vsprintf                0x1004'b261    0x34  Code  Gb  vsprintf.o [2]
wait_for_aes_ready      0x1004'2ef5    0x24  Code  Lc  rom_ll_isr_postproc.o [3]
wait_for_prescheduled_slot_cancellation
                        0x1004'7519    0x6e  Code  Lc  ll_routines_master.o [3]
wait_for_prescheduled_slot_cancellation
                        0x1004'cb11    0x6e  Code  Lc  rom_ll_ll_routines.o [3]
wakeupFromSleepFlag     0x2000'000c     0x1  Data  Gb  system_bluenrg1.o [1]
wakeupFromSleepFlag_block$$Base
                        0x2000'000c           --   Gb  - Linker created -
wakeupFromSleepFlag_block$$Limit
                        0x2000'0010           --   Gb  - Linker created -


[1] = D:\work\2020\14_IIC\BlueNRG-1_2 DK 3.2.0\Project\BLE_Examples\BLE_MS_Formula\EWARM\BlueNRG-1\Slave\Obj
[2] = dl6M_tln.a
[3] = libbluenrg1_stack.a
[4] = libcrypto.a
[5] = m6M_tl.a
[6] = rt6M_tl.a
[7] = shb_l.a

  91'051 bytes of readonly  code memory
   2'361 bytes of readonly  data memory
  16'196 bytes of readwrite data memory

Errors: none
Warnings: none
